Copyright 1986-2018 Xilinx, Inc. All Rights Reserved.
----------------------------------------------------------------------------------------------------------
| Tool Version : Vivado v.2018.3 (win64) Build 2405991 Thu Dec  6 23:38:27 MST 2018
| Date         : Fri Sep 25 21:41:55 2026
| Host         : Lty running 64-bit major release  (build 9200)
| Command      : report_timing_summary -file D:/fpga_class/FPGAPrj/fpga_codex_worktree/reports/timing.rpt
| Design       : multi_protocol_bd_wrapper
| Device       : 7z020-clg484
| Speed File   : -2  PRODUCTION 1.11 2014-09-11
----------------------------------------------------------------------------------------------------------

Timing Summary Report

------------------------------------------------------------------------------------------------
| Timer Settings
| --------------
------------------------------------------------------------------------------------------------

  Enable Multi Corner Analysis               :  Yes
  Enable Pessimism Removal                   :  Yes
  Pessimism Removal Resolution               :  Nearest Common Node
  Enable Input Delay Default Clock           :  No
  Enable Preset / Clear Arcs                 :  No
  Disable Flight Delays                      :  No
  Ignore I/O Paths                           :  No
  Timing Early Launch at Borrowing Latches   :  false

  Corner  Analyze    Analyze    
  Name    Max Paths  Min Paths  
  ------  ---------  ---------  
  Slow    Yes        Yes        
  Fast    Yes        Yes        



check_timing report

Table of Contents
-----------------
1. checking no_clock
2. checking constant_clock
3. checking pulse_width_clock
4. checking unconstrained_internal_endpoints
5. checking no_input_delay
6. checking no_output_delay
7. checking multiple_clock
8. checking generated_clocks
9. checking loops
10. checking partial_input_delay
11. checking partial_output_delay
12. checking latch_loops

1. checking no_clock
--------------------
 There are 0 register/latch pins with no clock.


2. checking constant_clock
--------------------------
 There are 0 register/latch pins with constant_clock.


3. checking pulse_width_clock
-----------------------------
 There are 0 register/latch pins which need pulse_width check


4. checking unconstrained_internal_endpoints
--------------------------------------------
 There are 0 pins that are not constrained for maximum delay.

 There are 0 pins that are not constrained for maximum delay due to constant clock.


5. checking no_input_delay
--------------------------
 There are 0 input ports with no input delay specified.

 There are 4 input ports with no input delay but user has a false path constraint. (MEDIUM)


6. checking no_output_delay
---------------------------
 There are 19 ports with no output delay specified. (HIGH)

 There are 2 ports with no output delay but user has a false path constraint (MEDIUM)

 There are 0 ports with no output delay but with a timing clock defined on it or propagating through it


7. checking multiple_clock
--------------------------
 There are 0 register/latch pins with multiple clocks.


8. checking generated_clocks
----------------------------
 There are 0 generated clocks that are not connected to a clock source.


9. checking loops
-----------------
 There are 0 combinational loops in the design.


10. checking partial_input_delay
--------------------------------
 There are 0 input ports with partial input delay specified.


11. checking partial_output_delay
---------------------------------
 There are 0 ports with partial output delay specified.


12. checking latch_loops
------------------------
 There are 0 combinational latch loops in the design through latch input



------------------------------------------------------------------------------------------------
| Design Timing Summary
| ---------------------
------------------------------------------------------------------------------------------------

    WNS(ns)      TNS(ns)  TNS Failing Endpoints  TNS Total Endpoints      WHS(ns)      THS(ns)  THS Failing Endpoints  THS Total Endpoints     WPWS(ns)     TPWS(ns)  TPWS Failing Endpoints  TPWS Total Endpoints  
    -------      -------  ---------------------  -------------------      -------      -------  ---------------------  -------------------     --------     --------  ----------------------  --------------------  
      1.559        0.000                      0                19616        0.036        0.000                      0                19509        3.870        0.000                       0                  8085  


All user specified timing constraints are met.


------------------------------------------------------------------------------------------------
| Clock Summary
| -------------
------------------------------------------------------------------------------------------------

Clock       Waveform(ns)       Period(ns)      Frequency(MHz)
-----       ------------       ----------      --------------
clk_fpga_0  {0.000 5.000}      10.000          100.000         
clk_fpga_1  {0.000 15.278}     30.555          32.728          


------------------------------------------------------------------------------------------------
| Intra Clock Table
| -----------------
------------------------------------------------------------------------------------------------

Clock             WNS(ns)      TNS(ns)  TNS Failing Endpoints  TNS Total Endpoints      WHS(ns)      THS(ns)  THS Failing Endpoints  THS Total Endpoints     WPWS(ns)     TPWS(ns)  TPWS Failing Endpoints  TPWS Total Endpoints  
-----             -------      -------  ---------------------  -------------------      -------      -------  ---------------------  -------------------     --------     --------  ----------------------  --------------------  
clk_fpga_0          1.559        0.000                      0                14831        0.036        0.000                      0                14831        3.870        0.000                       0                  5623  
clk_fpga_1         17.904        0.000                      0                 4678        0.053        0.000                      0                 4678       14.423        0.000                       0                  2462  


------------------------------------------------------------------------------------------------
| Inter Clock Table
| -----------------
------------------------------------------------------------------------------------------------

From Clock    To Clock          WNS(ns)      TNS(ns)  TNS Failing Endpoints  TNS Total Endpoints      WHS(ns)      THS(ns)  THS Failing Endpoints  THS Total Endpoints  
----------    --------          -------      -------  ---------------------  -------------------      -------      -------  ---------------------  -------------------  
clk_fpga_1    clk_fpga_0         29.007        0.000                      0                   44                                                                        
clk_fpga_0    clk_fpga_1          8.931        0.000                      0                   63                                                                        


------------------------------------------------------------------------------------------------
| Other Path Groups Table
| -----------------------
------------------------------------------------------------------------------------------------

Path Group    From Clock    To Clock          WNS(ns)      TNS(ns)  TNS Failing Endpoints  TNS Total Endpoints      WHS(ns)      THS(ns)  THS Failing Endpoints  THS Total Endpoints  
----------    ----------    --------          -------      -------  ---------------------  -------------------      -------      -------  ---------------------  -------------------  


------------------------------------------------------------------------------------------------
| Timing Details
| --------------
------------------------------------------------------------------------------------------------


---------------------------------------------------------------------------------------------------
From Clock:  clk_fpga_0
  To Clock:  clk_fpga_0

Setup :            0  Failing Endpoints,  Worst Slack        1.559ns,  Total Violation        0.000ns
Hold  :            0  Failing Endpoints,  Worst Slack        0.036ns,  Total Violation        0.000ns
PW    :            0  Failing Endpoints,  Worst Slack        3.870ns,  Total Violation        0.000ns
---------------------------------------------------------------------------------------------------


Max Delay Paths
--------------------------------------------------------------------------------------
Slack (MET) :             1.559ns  (required time - arrival time)
  Source:                 multi_protocol_bd_i/processing_system7_0/inst/PS7_i/MAXIGP0ACLK
                            (rising edge-triggered cell PS7 clocked by clk_fpga_0  {rise@0.000ns fall@5.000ns period=10.000ns})
  Destination:            multi_protocol_bd_i/spi_mode0_monitor_0/inst/implementation/evt_data_reg[64]/R
                            (rising edge-triggered cell FDRE clocked by clk_fpga_0  {rise@0.000ns fall@5.000ns period=10.000ns})
  Path Group:             clk_fpga_0
  Path Type:              Setup (Max at Slow Process Corner)
  Requirement:            10.000ns  (clk_fpga_0 rise@10.000ns - clk_fpga_0 rise@0.000ns)
  Data Path Delay:        7.755ns  (logic 1.873ns (24.153%)  route 5.882ns (75.847%))
  Logic Levels:           8  (LUT2=3 LUT4=1 LUT5=1 LUT6=3)
  Clock Path Skew:        -0.180ns (DCD - SCD + CPR)
    Destination Clock Delay (DCD):    2.254ns = ( 12.254 - 10.000 ) 
    Source Clock Delay      (SCD):    2.542ns
    Clock Pessimism Removal (CPR):    0.109ns
  Clock Uncertainty:      0.154ns  ((TSJ^2 + TIJ^2)^1/2 + DJ) / 2 + PE
    Total System Jitter     (TSJ):    0.071ns
    Total Input Jitter      (TIJ):    0.300ns
    Discrete Jitter          (DJ):    0.000ns
    Phase Error              (PE):    0.000ns

    Location             Delay type                Incr(ns)  Path(ns)    Netlist Resource(s)
  -------------------------------------------------------------------    -------------------
                         (clock clk_fpga_0 rise edge)
                                                      0.000     0.000 r  
    PS7_X0Y0             PS7                          0.000     0.000 r  multi_protocol_bd_i/processing_system7_0/inst/PS7_i/FCLKCLK[0]
                         net (fo=1, routed)           0.994     0.994    multi_protocol_bd_i/processing_system7_0/inst/FCLK_CLK_unbuffered[0]
    BUFGCTRL_X0Y17       BUFG (Prop_bufg_I_O)         0.085     1.079 r  multi_protocol_bd_i/processing_system7_0/inst/buffer_fclk_clk_0.FCLK_CLK_0_BUFG/O
                         net (fo=5624, routed)        1.463     2.542    multi_protocol_bd_i/processing_system7_0/inst/M_AXI_GP0_ACLK
    PS7_X0Y0             PS7                                          r  multi_protocol_bd_i/processing_system7_0/inst/PS7_i/MAXIGP0ACLK
  -------------------------------------------------------------------    -------------------
    PS7_X0Y0             PS7 (Prop_ps7_MAXIGP0ACLK_MAXIGP0WVALID)
                                                      1.033     3.575 f  multi_protocol_bd_i/processing_system7_0/inst/PS7_i/MAXIGP0WVALID
                         net (fo=6, routed)           1.392     4.967    multi_protocol_bd_i/axi_interconnect_0/xbar/inst/gen_sasd.crossbar_sasd_0/addr_arbiter_inst/s_axi_wvalid[0]
    SLICE_X36Y85         LUT5 (Prop_lut5_I1_O)        0.105     5.072 f  multi_protocol_bd_i/axi_interconnect_0/xbar/inst/gen_sasd.crossbar_sasd_0/addr_arbiter_inst/m_axi_wvalid[0]_INST_0/O
                         net (fo=2, routed)           0.465     5.537    multi_protocol_bd_i/multi_protocol_core_0/inst/event_arbiter/s_axi_wvalid
    SLICE_X36Y82         LUT4 (Prop_lut4_I2_O)        0.105     5.642 r  multi_protocol_bd_i/multi_protocol_core_0/inst/event_arbiter/ext_evt_ready_INST_0_i_11/O
                         net (fo=1, routed)           0.573     6.215    multi_protocol_bd_i/multi_protocol_core_0/inst/event_arbiter/ext_evt_ready_INST_0_i_11_n_0
    SLICE_X37Y76         LUT6 (Prop_lut6_I5_O)        0.105     6.320 f  multi_protocol_bd_i/multi_protocol_core_0/inst/event_arbiter/ext_evt_ready_INST_0_i_4/O
                         net (fo=4, routed)           0.371     6.692    multi_protocol_bd_i/multi_protocol_core_0/inst/event_arbiter/aw_pending_reg
    SLICE_X43Y75         LUT6 (Prop_lut6_I1_O)        0.105     6.797 r  multi_protocol_bd_i/multi_protocol_core_0/inst/event_arbiter/ext_evt_ready_INST_0_i_1/O
                         net (fo=5, routed)           0.489     7.286    multi_protocol_bd_i/multi_protocol_core_0/inst/event_arbiter/p_3_in
    SLICE_X44Y75         LUT2 (Prop_lut2_I0_O)        0.105     7.391 r  multi_protocol_bd_i/multi_protocol_core_0/inst/event_arbiter/ext_evt_ready_INST_0/O
                         net (fo=4, routed)           0.686     8.076    multi_protocol_bd_i/spi_mode0_monitor_0/inst/implementation/evt_ready
    SLICE_X56Y75         LUT2 (Prop_lut2_I0_O)        0.105     8.181 r  multi_protocol_bd_i/spi_mode0_monitor_0/inst/implementation/evt_data[127]_i_3/O
                         net (fo=1, routed)           0.331     8.513    multi_protocol_bd_i/spi_mode0_monitor_0/inst/implementation/evt_data[127]_i_3_n_0
    SLICE_X60Y75         LUT6 (Prop_lut6_I0_O)        0.105     8.618 r  multi_protocol_bd_i/spi_mode0_monitor_0/inst/implementation/evt_data[127]_i_2/O
                         net (fo=111, routed)         0.774     9.392    multi_protocol_bd_i/spi_mode0_monitor_0/inst/implementation/evt_data[127]_i_2_n_0
    SLICE_X61Y84         LUT2 (Prop_lut2_I0_O)        0.105     9.497 r  multi_protocol_bd_i/spi_mode0_monitor_0/inst/implementation/evt_data[127]_i_1/O
                         net (fo=64, routed)          0.800    10.297    multi_protocol_bd_i/spi_mode0_monitor_0/inst/implementation/evt_data[127]_i_1_n_0
    SLICE_X59Y76         FDRE                                         r  multi_protocol_bd_i/spi_mode0_monitor_0/inst/implementation/evt_data_reg[64]/R
  -------------------------------------------------------------------    -------------------

                         (clock clk_fpga_0 rise edge)
                                                     10.000    10.000 r  
    PS7_X0Y0             PS7                          0.000    10.000 r  multi_protocol_bd_i/processing_system7_0/inst/PS7_i/FCLKCLK[0]
                         net (fo=1, routed)           0.905    10.906    multi_protocol_bd_i/processing_system7_0/inst/FCLK_CLK_unbuffered[0]
    BUFGCTRL_X0Y17       BUFG (Prop_bufg_I_O)         0.077    10.983 r  multi_protocol_bd_i/processing_system7_0/inst/buffer_fclk_clk_0.FCLK_CLK_0_BUFG/O
                         net (fo=5624, routed)        1.271    12.254    multi_protocol_bd_i/spi_mode0_monitor_0/inst/implementation/clk
    SLICE_X59Y76         FDRE                                         r  multi_protocol_bd_i/spi_mode0_monitor_0/inst/implementation/evt_data_reg[64]/C
                         clock pessimism              0.109    12.362    
                         clock uncertainty           -0.154    12.208    
    SLICE_X59Y76         FDRE (Setup_fdre_C_R)       -0.352    11.856    multi_protocol_bd_i/spi_mode0_monitor_0/inst/implementation/evt_data_reg[64]
  -------------------------------------------------------------------
                         required time                         11.856    
                         arrival time                         -10.297    
  -------------------------------------------------------------------
                         slack                                  1.559    





Min Delay Paths
--------------------------------------------------------------------------------------
Slack (MET) :             0.036ns  (arrival time - required time)
  Source:                 multi_protocol_bd_i/axi_smc_0/inst/switchboards/ar_switchboard/inst/gen_mi[0].inst_opipe_payld/gen_pipe[1].pipe_reg[1][132]/C
                            (rising edge-triggered cell FDRE clocked by clk_fpga_0  {rise@0.000ns fall@5.000ns period=10.000ns})
  Destination:            multi_protocol_bd_i/axi_smc_0/inst/m00_nodes/m00_ar_node/inst/inst_mi_handler/gen_normal_area.inst_fifo_node_payld/gen_xpm_memory_fifo.inst_fifo/gen_mem_rep[0].inst_xpm_memory/xpm_memory_base_inst/gen_wr_a.gen_word_narrow.mem_reg_0_31_132_137/RAMA/I
                            (rising edge-triggered cell RAMD32 clocked by clk_fpga_0  {rise@0.000ns fall@5.000ns period=10.000ns})
  Path Group:             clk_fpga_0
  Path Type:              Hold (Min at Fast Process Corner)
  Requirement:            0.000ns  (clk_fpga_0 rise@0.000ns - clk_fpga_0 rise@0.000ns)
  Data Path Delay:        0.196ns  (logic 0.141ns (71.838%)  route 0.055ns (28.162%))
  Logic Levels:           0  
  Clock Path Skew:        0.013ns (DCD - SCD - CPR)
    Destination Clock Delay (DCD):    1.192ns
    Source Clock Delay      (SCD):    0.895ns
    Clock Pessimism Removal (CPR):    0.284ns

    Location             Delay type                Incr(ns)  Path(ns)    Netlist Resource(s)
  -------------------------------------------------------------------    -------------------
                         (clock clk_fpga_0 rise edge)
                                                      0.000     0.000 r  
    PS7_X0Y0             PS7                          0.000     0.000 r  multi_protocol_bd_i/processing_system7_0/inst/PS7_i/FCLKCLK[0]
                         net (fo=1, routed)           0.310     0.310    multi_protocol_bd_i/processing_system7_0/inst/FCLK_CLK_unbuffered[0]
    BUFGCTRL_X0Y17       BUFG (Prop_bufg_I_O)         0.026     0.336 r  multi_protocol_bd_i/processing_system7_0/inst/buffer_fclk_clk_0.FCLK_CLK_0_BUFG/O
                         net (fo=5624, routed)        0.559     0.895    multi_protocol_bd_i/axi_smc_0/inst/switchboards/ar_switchboard/inst/gen_mi[0].inst_opipe_payld/aclk
    SLICE_X35Y51         FDRE                                         r  multi_protocol_bd_i/axi_smc_0/inst/switchboards/ar_switchboard/inst/gen_mi[0].inst_opipe_payld/gen_pipe[1].pipe_reg[1][132]/C
  -------------------------------------------------------------------    -------------------
    SLICE_X35Y51         FDRE (Prop_fdre_C_Q)         0.141     1.036 r  multi_protocol_bd_i/axi_smc_0/inst/switchboards/ar_switchboard/inst/gen_mi[0].inst_opipe_payld/gen_pipe[1].pipe_reg[1][132]/Q
                         net (fo=1, routed)           0.055     1.091    multi_protocol_bd_i/axi_smc_0/inst/m00_nodes/m00_ar_node/inst/inst_mi_handler/gen_normal_area.inst_fifo_node_payld/gen_xpm_memory_fifo.inst_fifo/gen_mem_rep[0].inst_xpm_memory/xpm_memory_base_inst/gen_wr_a.gen_word_narrow.mem_reg_0_31_132_137/DIA0
    SLICE_X34Y51         RAMD32                                       r  multi_protocol_bd_i/axi_smc_0/inst/m00_nodes/m00_ar_node/inst/inst_mi_handler/gen_normal_area.inst_fifo_node_payld/gen_xpm_memory_fifo.inst_fifo/gen_mem_rep[0].inst_xpm_memory/xpm_memory_base_inst/gen_wr_a.gen_word_narrow.mem_reg_0_31_132_137/RAMA/I
  -------------------------------------------------------------------    -------------------

                         (clock clk_fpga_0 rise edge)
                                                      0.000     0.000 r  
    PS7_X0Y0             PS7                          0.000     0.000 r  multi_protocol_bd_i/processing_system7_0/inst/PS7_i/FCLKCLK[0]
                         net (fo=1, routed)           0.337     0.337    multi_protocol_bd_i/processing_system7_0/inst/FCLK_CLK_unbuffered[0]
    BUFGCTRL_X0Y17       BUFG (Prop_bufg_I_O)         0.029     0.366 r  multi_protocol_bd_i/processing_system7_0/inst/buffer_fclk_clk_0.FCLK_CLK_0_BUFG/O
                         net (fo=5624, routed)        0.826     1.192    multi_protocol_bd_i/axi_smc_0/inst/m00_nodes/m00_ar_node/inst/inst_mi_handler/gen_normal_area.inst_fifo_node_payld/gen_xpm_memory_fifo.inst_fifo/gen_mem_rep[0].inst_xpm_memory/xpm_memory_base_inst/gen_wr_a.gen_word_narrow.mem_reg_0_31_132_137/WCLK
    SLICE_X34Y51         RAMD32                                       r  multi_protocol_bd_i/axi_smc_0/inst/m00_nodes/m00_ar_node/inst/inst_mi_handler/gen_normal_area.inst_fifo_node_payld/gen_xpm_memory_fifo.inst_fifo/gen_mem_rep[0].inst_xpm_memory/xpm_memory_base_inst/gen_wr_a.gen_word_narrow.mem_reg_0_31_132_137/RAMA/CLK
                         clock pessimism             -0.284     0.908    
    SLICE_X34Y51         RAMD32 (Hold_ramd32_CLK_I)
                                                      0.147     1.055    multi_protocol_bd_i/axi_smc_0/inst/m00_nodes/m00_ar_node/inst/inst_mi_handler/gen_normal_area.inst_fifo_node_payld/gen_xpm_memory_fifo.inst_fifo/gen_mem_rep[0].inst_xpm_memory/xpm_memory_base_inst/gen_wr_a.gen_word_narrow.mem_reg_0_31_132_137/RAMA
  -------------------------------------------------------------------
                         required time                         -1.055    
                         arrival time                           1.091    
  -------------------------------------------------------------------
                         slack                                  0.036    





Pulse Width Checks
--------------------------------------------------------------------------------------
Clock Name:         clk_fpga_0
Waveform(ns):       { 0.000 5.000 }
Period(ns):         10.000
Sources:            { multi_protocol_bd_i/processing_system7_0/inst/PS7_i/FCLKCLK[0] }

Check Type        Corner  Lib Pin             Reference Pin  Required(ns)  Actual(ns)  Slack(ns)  Location      Pin
Min Period        n/a     RAMB36E1/CLKARDCLK  n/a            2.472         10.000      7.528      RAMB36_X3Y15  multi_protocol_bd_i/multi_protocol_core_0/inst/capture_buffer/memory_reg_0/CLKARDCLK
Low Pulse Width   Slow    RAMD32/CLK          n/a            1.130         5.000       3.870      SLICE_X26Y46  multi_protocol_bd_i/axi_smc_0/inst/s00_nodes/s00_r_node/inst/inst_mi_handler/gen_normal_area.inst_fifo_node_payld/gen_xpm_memory_fifo.inst_fifo/gen_mem_rep[0].inst_xpm_memory/xpm_memory_base_inst/gen_wr_a.gen_word_narrow.mem_reg_0_31_12_17/RAMA/CLK
High Pulse Width  Slow    RAMD32/CLK          n/a            1.130         5.000       3.870      SLICE_X38Y59  multi_protocol_bd_i/axi_smc_0/inst/m00_nodes/m00_ar_node/inst/inst_mi_handler/gen_normal_area.inst_fifo_node_payld/gen_xpm_memory_fifo.inst_fifo/gen_mem_rep[0].inst_xpm_memory/xpm_memory_base_inst/gen_wr_a.gen_word_narrow.mem_reg_0_31_0_5/RAMA/CLK



---------------------------------------------------------------------------------------------------
From Clock:  clk_fpga_1
  To Clock:  clk_fpga_1

Setup :            0  Failing Endpoints,  Worst Slack       17.904ns,  Total Violation        0.000ns
Hold  :            0  Failing Endpoints,  Worst Slack        0.053ns,  Total Violation        0.000ns
PW    :            0  Failing Endpoints,  Worst Slack       14.423ns,  Total Violation        0.000ns
---------------------------------------------------------------------------------------------------


Max Delay Paths
--------------------------------------------------------------------------------------
Slack (MET) :             17.904ns  (required time - arrival time)
  Source:                 multi_protocol_bd_i/v_tc_0/U0/U_VIDEO_CTRL/AXI4_LITE_INTERFACE.SYNC2VIDCLK_I/data_sync_reg[2][34]/C
                            (rising edge-triggered cell FDRE clocked by clk_fpga_1  {rise@0.000ns fall@15.278ns period=30.555ns})
  Destination:            multi_protocol_bd_i/v_tc_0/U0/U_VIDEO_CTRL/AXI4_LITE_INTERFACE.CORE_MUX0/GEN_TREE.GEN_BRANCH[5].GEN_MUX_REG.data_out_reg_reg[5][12]/R
                            (rising edge-triggered cell FDRE clocked by clk_fpga_1  {rise@0.000ns fall@15.278ns period=30.555ns})
  Path Group:             clk_fpga_1
  Path Type:              Setup (Max at Slow Process Corner)
  Requirement:            30.555ns  (clk_fpga_1 rise@30.555ns - clk_fpga_1 rise@0.000ns)
  Data Path Delay:        11.690ns  (logic 0.587ns (5.022%)  route 11.103ns (94.978%))
  Logic Levels:           1  (LUT3=1)
  Clock Path Skew:        -0.150ns (DCD - SCD + CPR)
    Destination Clock Delay (DCD):    2.207ns = ( 32.762 - 30.555 ) 
    Source Clock Delay      (SCD):    2.465ns
    Clock Pessimism Removal (CPR):    0.109ns
  Clock Uncertainty:      0.460ns  ((TSJ^2 + TIJ^2)^1/2 + DJ) / 2 + PE
    Total System Jitter     (TSJ):    0.071ns
    Total Input Jitter      (TIJ):    0.917ns
    Discrete Jitter          (DJ):    0.000ns
    Phase Error              (PE):    0.000ns

    Location             Delay type                Incr(ns)  Path(ns)    Netlist Resource(s)
  -------------------------------------------------------------------    -------------------
                         (clock clk_fpga_1 rise edge)
                                                      0.000     0.000 r  
    PS7_X0Y0             PS7                          0.000     0.000 r  multi_protocol_bd_i/processing_system7_0/inst/PS7_i/FCLKCLK[1]
                         net (fo=1, routed)           0.994     0.994    multi_protocol_bd_i/processing_system7_0/inst/FCLK_CLK_unbuffered[1]
    BUFGCTRL_X0Y16       BUFG (Prop_bufg_I_O)         0.085     1.079 r  multi_protocol_bd_i/processing_system7_0/inst/buffer_fclk_clk_1.FCLK_CLK_1_BUFG/O
                         net (fo=2462, routed)        1.386     2.465    multi_protocol_bd_i/v_tc_0/U0/U_VIDEO_CTRL/AXI4_LITE_INTERFACE.SYNC2VIDCLK_I/vid_aclk
    SLICE_X43Y87         FDRE                                         r  multi_protocol_bd_i/v_tc_0/U0/U_VIDEO_CTRL/AXI4_LITE_INTERFACE.SYNC2VIDCLK_I/data_sync_reg[2][34]/C
  -------------------------------------------------------------------    -------------------
    SLICE_X43Y87         FDRE (Prop_fdre_C_Q)         0.348     2.813 r  multi_protocol_bd_i/v_tc_0/U0/U_VIDEO_CTRL/AXI4_LITE_INTERFACE.SYNC2VIDCLK_I/data_sync_reg[2][34]/Q
                         net (fo=364, routed)         8.086    10.899    multi_protocol_bd_i/v_tc_0/U0/U_VIDEO_CTRL/AXI4_LITE_INTERFACE.GENR_MUX0/ipif_addr_out[0]
    SLICE_X40Y102        LUT3 (Prop_lut3_I0_O)        0.239    11.138 r  multi_protocol_bd_i/v_tc_0/U0/U_VIDEO_CTRL/AXI4_LITE_INTERFACE.GENR_MUX0/GEN_TREE.GEN_BRANCH[5].GEN_MUX_REG.data_out_reg[5][31]_i_1__0/O
                         net (fo=32, routed)          3.017    14.155    multi_protocol_bd_i/v_tc_0/U0/U_VIDEO_CTRL/AXI4_LITE_INTERFACE.CORE_MUX0/GEN_TREE.GEN_BRANCH[5].GEN_MUX_REG.data_out_reg_reg[5][0]_1
    SLICE_X51Y91         FDRE                                         r  multi_protocol_bd_i/v_tc_0/U0/U_VIDEO_CTRL/AXI4_LITE_INTERFACE.CORE_MUX0/GEN_TREE.GEN_BRANCH[5].GEN_MUX_REG.data_out_reg_reg[5][12]/R
  -------------------------------------------------------------------    -------------------

                         (clock clk_fpga_1 rise edge)
                                                     30.555    30.555 r  
    PS7_X0Y0             PS7                          0.000    30.555 r  multi_protocol_bd_i/processing_system7_0/inst/PS7_i/FCLKCLK[1]
                         net (fo=1, routed)           0.905    31.461    multi_protocol_bd_i/processing_system7_0/inst/FCLK_CLK_unbuffered[1]
    BUFGCTRL_X0Y16       BUFG (Prop_bufg_I_O)         0.077    31.538 r  multi_protocol_bd_i/processing_system7_0/inst/buffer_fclk_clk_1.FCLK_CLK_1_BUFG/O
                         net (fo=2462, routed)        1.224    32.762    multi_protocol_bd_i/v_tc_0/U0/U_VIDEO_CTRL/AXI4_LITE_INTERFACE.CORE_MUX0/vid_aclk
    SLICE_X51Y91         FDRE                                         r  multi_protocol_bd_i/v_tc_0/U0/U_VIDEO_CTRL/AXI4_LITE_INTERFACE.CORE_MUX0/GEN_TREE.GEN_BRANCH[5].GEN_MUX_REG.data_out_reg_reg[5][12]/C
                         clock pessimism              0.109    32.870    
                         clock uncertainty           -0.460    32.410    
    SLICE_X51Y91         FDRE (Setup_fdre_C_R)       -0.352    32.058    multi_protocol_bd_i/v_tc_0/U0/U_VIDEO_CTRL/AXI4_LITE_INTERFACE.CORE_MUX0/GEN_TREE.GEN_BRANCH[5].GEN_MUX_REG.data_out_reg_reg[5][12]
  -------------------------------------------------------------------
                         required time                         32.058    
                         arrival time                         -14.155    
  -------------------------------------------------------------------
                         slack                                 17.904    





Min Delay Paths
--------------------------------------------------------------------------------------
Slack (MET) :             0.053ns  (arrival time - required time)
  Source:                 multi_protocol_bd_i/v_tc_0/U0/U_VIDEO_CTRL/AXI4_LITE_INTERFACE.time_control_regs2_int_reg[24][27]/C
                            (rising edge-triggered cell FDRE clocked by clk_fpga_1  {rise@0.000ns fall@15.278ns period=30.555ns})
  Destination:            multi_protocol_bd_i/v_tc_0/U0/U_TC_TOP/GEN_GENERATOR.U_TC_GEN/v0bp_start_reg[11]/D
                            (rising edge-triggered cell FDRE clocked by clk_fpga_1  {rise@0.000ns fall@15.278ns period=30.555ns})
  Path Group:             clk_fpga_1
  Path Type:              Hold (Min at Fast Process Corner)
  Requirement:            0.000ns  (clk_fpga_1 rise@0.000ns - clk_fpga_1 rise@0.000ns)
  Data Path Delay:        0.332ns  (logic 0.128ns (38.611%)  route 0.204ns (61.389%))
  Logic Levels:           0  
  Clock Path Skew:        0.260ns (DCD - SCD - CPR)
    Destination Clock Delay (DCD):    1.272ns
    Source Clock Delay      (SCD):    0.973ns
    Clock Pessimism Removal (CPR):    0.039ns

    Location             Delay type                Incr(ns)  Path(ns)    Netlist Resource(s)
  -------------------------------------------------------------------    -------------------
                         (clock clk_fpga_1 rise edge)
                                                      0.000     0.000 r  
    PS7_X0Y0             PS7                          0.000     0.000 r  multi_protocol_bd_i/processing_system7_0/inst/PS7_i/FCLKCLK[1]
                         net (fo=1, routed)           0.310     0.310    multi_protocol_bd_i/processing_system7_0/inst/FCLK_CLK_unbuffered[1]
    BUFGCTRL_X0Y16       BUFG (Prop_bufg_I_O)         0.026     0.336 r  multi_protocol_bd_i/processing_system7_0/inst/buffer_fclk_clk_1.FCLK_CLK_1_BUFG/O
                         net (fo=2462, routed)        0.637     0.973    multi_protocol_bd_i/v_tc_0/U0/U_VIDEO_CTRL/vid_aclk
    SLICE_X48Y105        FDRE                                         r  multi_protocol_bd_i/v_tc_0/U0/U_VIDEO_CTRL/AXI4_LITE_INTERFACE.time_control_regs2_int_reg[24][27]/C
  -------------------------------------------------------------------    -------------------
    SLICE_X48Y105        FDRE (Prop_fdre_C_Q)         0.128     1.101 r  multi_protocol_bd_i/v_tc_0/U0/U_VIDEO_CTRL/AXI4_LITE_INTERFACE.time_control_regs2_int_reg[24][27]/Q
                         net (fo=1, routed)           0.204     1.305    multi_protocol_bd_i/v_tc_0/U0/U_TC_TOP/GEN_GENERATOR.U_TC_GEN/time_control_regs[24][23]
    SLICE_X52Y105        FDRE                                         r  multi_protocol_bd_i/v_tc_0/U0/U_TC_TOP/GEN_GENERATOR.U_TC_GEN/v0bp_start_reg[11]/D
  -------------------------------------------------------------------    -------------------

                         (clock clk_fpga_1 rise edge)
                                                      0.000     0.000 r  
    PS7_X0Y0             PS7                          0.000     0.000 r  multi_protocol_bd_i/processing_system7_0/inst/PS7_i/FCLKCLK[1]
                         net (fo=1, routed)           0.337     0.337    multi_protocol_bd_i/processing_system7_0/inst/FCLK_CLK_unbuffered[1]
    BUFGCTRL_X0Y16       BUFG (Prop_bufg_I_O)         0.029     0.366 r  multi_protocol_bd_i/processing_system7_0/inst/buffer_fclk_clk_1.FCLK_CLK_1_BUFG/O
                         net (fo=2462, routed)        0.906     1.272    multi_protocol_bd_i/v_tc_0/U0/U_TC_TOP/GEN_GENERATOR.U_TC_GEN/clk
    SLICE_X52Y105        FDRE                                         r  multi_protocol_bd_i/v_tc_0/U0/U_TC_TOP/GEN_GENERATOR.U_TC_GEN/v0bp_start_reg[11]/C
                         clock pessimism             -0.039     1.233    
    SLICE_X52Y105        FDRE (Hold_fdre_C_D)         0.018     1.251    multi_protocol_bd_i/v_tc_0/U0/U_TC_TOP/GEN_GENERATOR.U_TC_GEN/v0bp_start_reg[11]
  -------------------------------------------------------------------
                         required time                         -1.251    
                         arrival time                           1.305    
  -------------------------------------------------------------------
                         slack                                  0.053    





Pulse Width Checks
--------------------------------------------------------------------------------------
Clock Name:         clk_fpga_1
Waveform(ns):       { 0.000 15.278 }
Period(ns):         30.555
Sources:            { multi_protocol_bd_i/processing_system7_0/inst/PS7_i/FCLKCLK[1] }

Check Type        Corner  Lib Pin             Reference Pin  Required(ns)  Actual(ns)  Slack(ns)  Location      Pin
Min Period        n/a     RAMB36E1/CLKBWRCLK  n/a            2.170         30.555      28.385     RAMB36_X3Y7   multi_protocol_bd_i/v_axi4s_vid_out_0/inst/COUPLER_INST/generate_async_fifo.FIFO_INST/XPM_FIFO_ASYNC_INST/gnuram_async_fifo.xpm_fifo_base_inst/gen_sdpram.xpm_memory_base_inst/gen_wr_a.gen_word_narrow.mem_reg/CLKBWRCLK
Low Pulse Width   Slow    SRL16E/CLK          n/a            0.854         15.277      14.423     SLICE_X42Y90  multi_protocol_bd_i/v_tc_0/U0/U_VIDEO_CTRL/AXI4_LITE_INTERFACE.CORE_MUX0/GEN_SEL_DELAY[3].sel_int_reg[3][1]_srl2/CLK
High Pulse Width  Slow    SRL16E/CLK          n/a            0.854         15.278      14.424     SLICE_X50Y99  multi_protocol_bd_i/v_tc_0/U0/U_TC_TOP/detect_en_d_reg[1]_srl2___U_TC_TOP_detect_en_d_reg_r_0/CLK



---------------------------------------------------------------------------------------------------
From Clock:  clk_fpga_1
  To Clock:  clk_fpga_0

Setup :            0  Failing Endpoints,  Worst Slack       29.007ns,  Total Violation        0.000ns
Hold  :           NA  Failing Endpoints,  Worst Slack           NA  ,  Total Violation           NA
---------------------------------------------------------------------------------------------------


Max Delay Paths
--------------------------------------------------------------------------------------
Slack (MET) :             29.007ns  (required time - arrival time)
  Source:                 multi_protocol_bd_i/v_tc_0/U0/U_VIDEO_CTRL/AXI4_LITE_INTERFACE.ipif_RdData_reg[18]/C
                            (rising edge-triggered cell FDRE clocked by clk_fpga_1  {rise@0.000ns fall@15.278ns period=30.555ns})
  Destination:            multi_protocol_bd_i/v_tc_0/U0/U_VIDEO_CTRL/AXI4_LITE_INTERFACE.SYNC2PROCCLK_I/data_sync_reg[0][18]/D
                            (rising edge-triggered cell FDRE clocked by clk_fpga_0  {rise@0.000ns fall@5.000ns period=10.000ns})
  Path Group:             clk_fpga_0
  Path Type:              Setup (Max at Slow Process Corner)
  Requirement:            30.555ns  (MaxDelay Path 30.555ns)
  Data Path Delay:        1.473ns  (logic 0.379ns (25.728%)  route 1.094ns (74.272%))
  Logic Levels:           0  
  Timing Exception:       MaxDelay Path 30.555ns -datapath_only

    Location             Delay type                Incr(ns)  Path(ns)    Netlist Resource(s)
  -------------------------------------------------------------------    -------------------
    SLICE_X52Y110                                     0.000     0.000 r  multi_protocol_bd_i/v_tc_0/U0/U_VIDEO_CTRL/AXI4_LITE_INTERFACE.ipif_RdData_reg[18]/C
    SLICE_X52Y110        FDRE (Prop_fdre_C_Q)         0.379     0.379 r  multi_protocol_bd_i/v_tc_0/U0/U_VIDEO_CTRL/AXI4_LITE_INTERFACE.ipif_RdData_reg[18]/Q
                         net (fo=1, routed)           1.094     1.473    multi_protocol_bd_i/v_tc_0/U0/U_VIDEO_CTRL/AXI4_LITE_INTERFACE.SYNC2PROCCLK_I/in_data[18]
    SLICE_X47Y86         FDRE                                         r  multi_protocol_bd_i/v_tc_0/U0/U_VIDEO_CTRL/AXI4_LITE_INTERFACE.SYNC2PROCCLK_I/data_sync_reg[0][18]/D
  -------------------------------------------------------------------    -------------------

                         max delay                   30.555    30.555    
    SLICE_X47Y86         FDRE (Setup_fdre_C_D)       -0.075    30.480    multi_protocol_bd_i/v_tc_0/U0/U_VIDEO_CTRL/AXI4_LITE_INTERFACE.SYNC2PROCCLK_I/data_sync_reg[0][18]
  -------------------------------------------------------------------
                         required time                         30.480    
                         arrival time                          -1.473    
  -------------------------------------------------------------------
                         slack                                 29.007    





---------------------------------------------------------------------------------------------------
From Clock:  clk_fpga_0
  To Clock:  clk_fpga_1

Setup :            0  Failing Endpoints,  Worst Slack        8.931ns,  Total Violation        0.000ns
Hold  :           NA  Failing Endpoints,  Worst Slack           NA  ,  Total Violation           NA
---------------------------------------------------------------------------------------------------


Max Delay Paths
--------------------------------------------------------------------------------------
Slack (MET) :             8.931ns  (required time - arrival time)
  Source:                 multi_protocol_bd_i/v_tc_0/U0/U_VIDEO_CTRL/AXI4_LITE_INTERFACE.proc_sync1_reg[19]/C
                            (rising edge-triggered cell FDRE clocked by clk_fpga_0  {rise@0.000ns fall@5.000ns period=10.000ns})
  Destination:            multi_protocol_bd_i/v_tc_0/U0/U_VIDEO_CTRL/AXI4_LITE_INTERFACE.SYNC2VIDCLK_I/data_sync_reg[0][19]/D
                            (rising edge-triggered cell FDRE clocked by clk_fpga_1  {rise@0.000ns fall@15.278ns period=30.555ns})
  Path Group:             clk_fpga_1
  Path Type:              Setup (Max at Slow Process Corner)
  Requirement:            10.000ns  (MaxDelay Path 10.000ns)
  Data Path Delay:        0.994ns  (logic 0.379ns (38.146%)  route 0.615ns (61.854%))
  Logic Levels:           0  
  Timing Exception:       MaxDelay Path 10.000ns -datapath_only

    Location             Delay type                Incr(ns)  Path(ns)    Netlist Resource(s)
  -------------------------------------------------------------------    -------------------
    SLICE_X44Y98                                      0.000     0.000 r  multi_protocol_bd_i/v_tc_0/U0/U_VIDEO_CTRL/AXI4_LITE_INTERFACE.proc_sync1_reg[19]/C
    SLICE_X44Y98         FDRE (Prop_fdre_C_Q)         0.379     0.379 r  multi_protocol_bd_i/v_tc_0/U0/U_VIDEO_CTRL/AXI4_LITE_INTERFACE.proc_sync1_reg[19]/Q
                         net (fo=1, routed)           0.615     0.994    multi_protocol_bd_i/v_tc_0/U0/U_VIDEO_CTRL/AXI4_LITE_INTERFACE.SYNC2VIDCLK_I/data_sync_reg[0][44]_0[19]
    SLICE_X44Y100        FDRE                                         r  multi_protocol_bd_i/v_tc_0/U0/U_VIDEO_CTRL/AXI4_LITE_INTERFACE.SYNC2VIDCLK_I/data_sync_reg[0][19]/D
  -------------------------------------------------------------------    -------------------

                         max delay                   10.000    10.000    
    SLICE_X44Y100        FDRE (Setup_fdre_C_D)       -0.075     9.925    multi_protocol_bd_i/v_tc_0/U0/U_VIDEO_CTRL/AXI4_LITE_INTERFACE.SYNC2VIDCLK_I/data_sync_reg[0][19]
  -------------------------------------------------------------------
                         required time                          9.925    
                         arrival time                          -0.994    
  -------------------------------------------------------------------
                         slack                                  8.931    





