Component: ARM Compiler 5.06 update 7 (build 960) Tool: armlink [4d3601]

==============================================================================

Section Cross References

    startup_stm32f103xb.o(STACK) refers (Special) to heapauxi.o(.text) for __use_two_region_memory
    startup_stm32f103xb.o(HEAP) refers (Special) to heapauxi.o(.text) for __use_two_region_memory
    startup_stm32f103xb.o(RESET) refers (Special) to heapauxi.o(.text) for __use_two_region_memory
    startup_stm32f103xb.o(RESET) refers to startup_stm32f103xb.o(STACK) for __initial_sp
    startup_stm32f103xb.o(RESET) refers to startup_stm32f103xb.o(.text) for Reset_Handler
    startup_stm32f103xb.o(RESET) refers to stm32f1xx_it.o(i.NMI_Handler) for NMI_Handler
    startup_stm32f103xb.o(RESET) refers to stm32f1xx_it.o(i.HardFault_Handler) for HardFault_Handler
    startup_stm32f103xb.o(RESET) refers to stm32f1xx_it.o(i.MemManage_Handler) for MemManage_Handler
    startup_stm32f103xb.o(RESET) refers to stm32f1xx_it.o(i.BusFault_Handler) for BusFault_Handler
    startup_stm32f103xb.o(RESET) refers to stm32f1xx_it.o(i.UsageFault_Handler) for UsageFault_Handler
    startup_stm32f103xb.o(RESET) refers to port.o(.emb_text) for SVC_Handler
    startup_stm32f103xb.o(RESET) refers to stm32f1xx_it.o(i.DebugMon_Handler) for DebugMon_Handler
    startup_stm32f103xb.o(RESET) refers to port.o(i.SysTick_Handler) for SysTick_Handler
    startup_stm32f103xb.o(RESET) refers to stm32f1xx_it.o(i.TIM1_UP_IRQHandler) for TIM1_UP_IRQHandler
    startup_stm32f103xb.o(RESET) refers to stm32f1xx_it.o(i.USART1_IRQHandler) for USART1_IRQHandler
    startup_stm32f103xb.o(.text) refers (Special) to heapauxi.o(.text) for __use_two_region_memory
    startup_stm32f103xb.o(.text) refers to system_stm32f1xx.o(i.SystemInit) for SystemInit
    startup_stm32f103xb.o(.text) refers to __main.o(!!!main) for __main
    startup_stm32f103xb.o(.text) refers to startup_stm32f103xb.o(HEAP) for Heap_Mem
    startup_stm32f103xb.o(.text) refers to startup_stm32f103xb.o(STACK) for Stack_Mem
    main.o(i.HAL_TIM_PeriodElapsedCallback) refers to stm32f1xx_hal.o(i.HAL_IncTick) for HAL_IncTick
    main.o(i.SystemClock_Config) refers to rt_memclr_w.o(.text) for __aeabi_memclr4
    main.o(i.SystemClock_Config) refers to stm32f1xx_hal_rcc.o(i.HAL_RCC_OscConfig) for HAL_RCC_OscConfig
    main.o(i.SystemClock_Config) refers to stm32f1xx_hal_rcc.o(i.HAL_RCC_ClockConfig) for HAL_RCC_ClockConfig
    main.o(i.main) refers to stm32f1xx_hal.o(i.HAL_Init) for HAL_Init
    main.o(i.main) refers to main.o(i.SystemClock_Config) for SystemClock_Config
    main.o(i.main) refers to gpio.o(i.MX_GPIO_Init) for MX_GPIO_Init
    main.o(i.main) refers to i2c.o(i.MX_I2C1_Init) for MX_I2C1_Init
    main.o(i.main) refers to usart.o(i.MX_USART1_UART_Init) for MX_USART1_UART_Init
    main.o(i.main) refers to freertos.o(i.MX_FREERTOS_Init) for MX_FREERTOS_Init
    main.o(i.main) refers to cmsis_os.o(i.osKernelStart) for osKernelStart
    gpio.o(i.MX_GPIO_Init) refers to stm32f1xx_hal_gpio.o(i.HAL_GPIO_Init) for HAL_GPIO_Init
    freertos.o(i.MX_FREERTOS_Init) refers to rt_memcpy_w.o(.text) for __aeabi_memcpy4
    freertos.o(i.MX_FREERTOS_Init) refers to cmsis_os.o(i.osThreadCreate) for osThreadCreate
    freertos.o(i.MX_FREERTOS_Init) refers to freertos.o(.constdata) for .constdata
    freertos.o(i.MX_FREERTOS_Init) refers to freertos.o(.data) for .data
    freertos.o(i.StartDefaultTask) refers to cmsis_os.o(i.osDelay) for osDelay
    freertos.o(i.key_work) refers to cmsis_os.o(i.osDelay) for osDelay
    freertos.o(i.oled_work) refers to cmsis_os.o(i.osDelay) for osDelay
    freertos.o(i.uart_work) refers to cmsis_os.o(i.osDelay) for osDelay
    freertos.o(i.vApplicationGetIdleTaskMemory) refers to freertos.o(.bss) for .bss
    freertos.o(.constdata) refers to freertos.o(.conststring) for .conststring
    freertos.o(.constdata) refers to freertos.o(i.StartDefaultTask) for StartDefaultTask
    freertos.o(.constdata) refers to oled.o(i.oled_work) for oled_work
    freertos.o(.constdata) refers to key.o(i.key_work) for key_work
    freertos.o(.constdata) refers to uart.o(i.uart_work) for uart_work
    i2c.o(i.HAL_I2C_MspDeInit) refers to stm32f1xx_hal_gpio.o(i.HAL_GPIO_DeInit) for HAL_GPIO_DeInit
    i2c.o(i.HAL_I2C_MspInit) refers to stm32f1xx_hal_gpio.o(i.HAL_GPIO_Init) for HAL_GPIO_Init
    i2c.o(i.MX_I2C1_Init) refers to stm32f1xx_hal_i2c.o(i.HAL_I2C_Init) for HAL_I2C_Init
    i2c.o(i.MX_I2C1_Init) refers to main.o(i.Error_Handler) for Error_Handler
    i2c.o(i.MX_I2C1_Init) refers to i2c.o(.bss) for .bss
    usart.o(i.HAL_UART_MspDeInit) refers to stm32f1xx_hal_gpio.o(i.HAL_GPIO_DeInit) for HAL_GPIO_DeInit
    usart.o(i.HAL_UART_MspInit) refers to stm32f1xx_hal_gpio.o(i.HAL_GPIO_Init) for HAL_GPIO_Init
    usart.o(i.HAL_UART_MspInit) refers to stm32f1xx_hal_cortex.o(i.HAL_NVIC_SetPriority) for HAL_NVIC_SetPriority
[...]
    ../clib/armsys.c                         0x00000000   Number         0  argv_veneer.o ABSOLUTE
    ../clib/armsys.c                         0x00000000   Number         0  argv_veneer.o ABSOLUTE
    ../clib/armsys.c                         0x00000000   Number         0  no_argv.o ABSOLUTE
    ../clib/armsys.c                         0x00000000   Number         0  _get_argv_nomalloc.o ABSOLUTE
    ../clib/heapalloc.c                      0x00000000   Number         0  hrguard.o ABSOLUTE
    ../clib/heapaux.c                        0x00000000   Number         0  heapauxi.o ABSOLUTE
    ../clib/libinit.s                        0x00000000   Number         0  libinit.o ABSOLUTE
    ../clib/libinit.s                        0x00000000   Number         0  libshutdown.o ABSOLUTE
    ../clib/libinit.s                        0x00000000   Number         0  libinit2.o ABSOLUTE
    ../clib/libinit.s                        0x00000000   Number         0  libshutdown2.o ABSOLUTE
    ../clib/longlong.s                       0x00000000   Number         0  llushr.o ABSOLUTE
    ../clib/memcpset.s                       0x00000000   Number         0  memset.o ABSOLUTE
    ../clib/memcpset.s                       0x00000000   Number         0  rt_memcpy_v6.o ABSOLUTE
    ../clib/memcpset.s                       0x00000000   Number         0  rt_memcpy_w.o ABSOLUTE
    ../clib/memcpset.s                       0x00000000   Number         0  rt_memclr.o ABSOLUTE
    ../clib/memcpset.s                       0x00000000   Number         0  rt_memclr_w.o ABSOLUTE
    ../clib/signal.c                         0x00000000   Number         0  __raise.o ABSOLUTE
    ../clib/signal.c                         0x00000000   Number         0  defsig_abrt_inner.o ABSOLUTE
    ../clib/signal.c                         0x00000000   Number         0  defsig_fpe_inner.o ABSOLUTE
    ../clib/signal.c                         0x00000000   Number         0  defsig_rtred_inner.o ABSOLUTE
    ../clib/signal.c                         0x00000000   Number         0  defsig_stak_inner.o ABSOLUTE
    ../clib/signal.c                         0x00000000   Number         0  defsig_pvfn_inner.o ABSOLUTE
    ../clib/signal.c                         0x00000000   Number         0  defsig_cppl_inner.o ABSOLUTE
    ../clib/signal.c                         0x00000000   Number         0  defsig_segv_inner.o ABSOLUTE
    ../clib/signal.c                         0x00000000   Number         0  defsig_other.o ABSOLUTE
    ../clib/signal.c                         0x00000000   Number         0  defsig_rtmem_inner.o ABSOLUTE
    ../clib/signal.c                         0x00000000   Number         0  defsig_exit.o ABSOLUTE
    ../clib/signal.c                         0x00000000   Number         0  defsig_rtmem_formal.o ABSOLUTE
    ../clib/signal.c                         0x00000000   Number         0  defsig_rtmem_outer.o ABSOLUTE
    ../clib/signal.c                         0x00000000   Number         0  defsig_general.o ABSOLUTE
    ../clib/signal.s                         0x00000000   Number         0  defsig.o ABSOLUTE
    ../clib/stdlib.c                         0x00000000   Number         0  exit.o ABSOLUTE
    ../fplib/fpinit.s                        0x00000000   Number         0  fpinit.o ABSOLUTE
    ..\Core\Src\freertos.c                   0x00000000   Number         0  freertos.o ABSOLUTE
    ..\Core\Src\gpio.c                       0x00000000   Number         0  gpio.o ABSOLUTE
    ..\Core\Src\i2c.c                        0x00000000   Number         0  i2c.o ABSOLUTE
    ..\Core\Src\main.c                       0x00000000   Number         0  main.o ABSOLUTE
    ..\Core\Src\stm32f1xx_hal_msp.c          0x00000000   Number         0  stm32f1xx_hal_msp.o ABSOLUTE
    ..\Core\Src\stm32f1xx_hal_timebase_tim.c 0x00000000   Number         0  stm32f1xx_hal_timebase_tim.o ABSOLUTE
    ..\Core\Src\stm32f1xx_it.c               0x00000000   Number         0  stm32f1xx_it.o ABSOLUTE
    ..\Core\Src\system_stm32f1xx.c           0x00000000   Number         0  system_stm32f1xx.o ABSOLUTE
    ..\Core\Src\usart.c                      0x00000000   Number         0  usart.o ABSOLUTE
    ..\Drivers\STM32F1xx_HAL_Driver\Src\stm32f1xx_hal.c 0x00000000   Number         0  stm32f1xx_hal.o ABSOLUTE
    ..\Drivers\STM32F1xx_HAL_Driver\Src\stm32f1xx_hal_cortex.c 0x00000000   Number         0  stm32f1xx_hal_cortex.o ABSOLUTE
    ..\Drivers\STM32F1xx_HAL_Driver\Src\stm32f1xx_hal_dma.c 0x00000000   Number         0  stm32f1xx_hal_dma.o ABSOLUTE
    ..\Drivers\STM32F1xx_HAL_Driver\Src\stm32f1xx_hal_exti.c 0x00000000   Number         0  stm32f1xx_hal_exti.o ABSOLUTE
    ..\Drivers\STM32F1xx_HAL_Driver\Src\stm32f1xx_hal_flash.c 0x00000000   Number         0  stm32f1xx_hal_flash.o ABSOLUTE
    ..\Drivers\STM32F1xx_HAL_Driver\Src\stm32f1xx_hal_flash_ex.c 0x00000000   Number         0  stm32f1xx_hal_flash_ex.o ABSOLUTE
    ..\Drivers\STM32F1xx_HAL_Driver\Src\stm32f1xx_hal_gpio.c 0x00000000   Number         0  stm32f1xx_hal_gpio.o ABSOLUTE
    ..\Drivers\STM32F1xx_HAL_Driver\Src\stm32f1xx_hal_gpio_ex.c 0x00000000   Number         0  stm32f1xx_hal_gpio_ex.o ABSOLUTE
    ..\Drivers\STM32F1xx_HAL_Driver\Src\stm32f1xx_hal_i2c.c 0x00000000   Number         0  stm32f1xx_hal_i2c.o ABSOLUTE
    ..\Drivers\STM32F1xx_HAL_Driver\Src\stm32f1xx_hal_pwr.c 0x00000000   Number         0  stm32f1xx_hal_pwr.o ABSOLUTE
    ..\Drivers\STM32F1xx_HAL_Driver\Src\stm32f1xx_hal_rcc.c 0x00000000   Number         0  stm32f1xx_hal_rcc.o ABSOLUTE
    ..\Drivers\STM32F1xx_HAL_Driver\Src\stm32f1xx_hal_rcc_ex.c 0x00000000   Number         0  stm32f1xx_hal_rcc_ex.o ABSOLUTE
    ..\Drivers\STM32F1xx_HAL_Driver\Src\stm32f1xx_hal_tim.c 0x00000000   Number         0  stm32f1xx_hal_tim.o ABSOLUTE
    ..\Drivers\STM32F1xx_HAL_Driver\Src\stm32f1xx_hal_tim_ex.c 0x00000000   Number         0  stm32f1xx_hal_tim_ex.o ABSOLUTE
    ..\Drivers\STM32F1xx_HAL_Driver\Src\stm32f1xx_hal_uart.c 0x00000000   Number         0  stm32f1xx_hal_uart.o ABSOLUTE
    ..\Middlewares\Third_Party\FreeRTOS\Source\CMSIS_RTOS\cmsis_os.c 0x00000000   Number         0  cmsis_os.o ABSOLUTE
    ..\Middlewares\Third_Party\FreeRTOS\Source\portable\RVDS\ARM_CM3\port.c 0x00000000   Number         0  port.o ABSOLUTE
    ..\ModuleLayer\KEY.c                     0x00000000   Number         0  key.o ABSOLUTE
    ..\ModuleLayer\OLED.c                    0x00000000   Number         0  oled.o ABSOLUTE
    ..\ModuleLayer\uart.c                    0x00000000   Number         0  uart.o ABSOLUTE
    ..\\ModuleLayer\\KEY.c                   0x00000000   Number         0  key.o ABSOLUTE
    ..\\ModuleLayer\\OLED.c                  0x00000000   Number         0  oled.o ABSOLUTE
    ..\\ModuleLayer\\uart.c                  0x00000000   Number         0  uart.o ABSOLUTE
    dc.s                                     0x00000000   Number         0  dc.o ABSOLUTE
    startup_stm32f103xb.s                    0x00000000   Number         0  startup_stm32f103xb.o ABSOLUTE
    RESET                                    0x08000000   Section      236  startup_stm32f103xb.o(RESET)
    !!!main                                  0x080000ec   Section        8  __main.o(!!!main)
    !!!scatter                               0x080000f4   Section       52  __scatter.o(!!!scatter)
    !!handler_copy                           0x08000128   Section       26  __scatter_copy.o(!!handler_copy)
    !!handler_zi                             0x08000144   Section       28  __scatter_zi.o(!!handler_zi)
    .ARM.Collect$$libinit$$00000000          0x08000160   Section        2  libinit.o(.ARM.Collect$$libinit$$00000000)
    .ARM.Collect$$libinit$$00000002          0x08000162   Section        0  libinit2.o(.ARM.Collect$$libinit$$00000002)
    .ARM.Collect$$libinit$$00000004          0x08000162   Section        0  libinit2.o(.ARM.Collect$$libinit$$00000004)
    .ARM.Collect$$libinit$$0000000A          0x08000162   Section        0  libinit2.o(.ARM.Collect$$libinit$$0000000A)
    .ARM.Collect$$libinit$$0000000C          0x08000162   Section        0  libinit2.o(.ARM.Collect$$libinit$$0000000C)
    .ARM.Collect$$libinit$$0000000E          0x08000162   Section        0  libinit2.o(.ARM.Collect$$libinit$$0000000E)
    .ARM.Collect$$libinit$$00000011          0x08000162   Section        0  libinit2.o(.ARM.Collect$$libinit$$00000011)
    .ARM.Collect$$libinit$$00000013          0x08000162   Section        0  libinit2.o(.ARM.Collect$$libinit$$00000013)
    .ARM.Collect$$libinit$$00000015          0x08000162   Section        0  libinit2.o(.ARM.Collect$$libinit$$00000015)
    .ARM.Collect$$libinit$$00000017          0x08000162   Section        0  libinit2.o(.ARM.Collect$$libinit$$00000017)
    .ARM.Collect$$libinit$$00000019          0x08000162   Section        0  libinit2.o(.ARM.Collect$$libinit$$00000019)
    .ARM.Collect$$libinit$$0000001B          0x08000162   Section        0  libinit2.o(.ARM.Collect$$libinit$$0000001B)
    .ARM.Collect$$libinit$$0000001D          0x08000162   Section        0  libinit2.o(.ARM.Collect$$libinit$$0000001D)
    .ARM.Collect$$libinit$$0000001F          0x08000162   Section        0  libinit2.o(.ARM.Collect$$libinit$$0000001F)
    .ARM.Collect$$libinit$$00000021          0x08000162   Section        0  libinit2.o(.ARM.Collect$$libinit$$00000021)
    .ARM.Collect$$libinit$$00000023          0x08000162   Section        0  libinit2.o(.ARM.Collect$$libinit$$00000023)
    .ARM.Collect$$libinit$$00000025          0x08000162   Section        0  libinit2.o(.ARM.Collect$$libinit$$00000025)
    .ARM.Collect$$libinit$$0000002C          0x08000162   Section        0  libinit2.o(.ARM.Collect$$libinit$$0000002C)
    .ARM.Collect$$libinit$$0000002E          0x08000162   Section        0  libinit2.o(.ARM.Collect$$libinit$$0000002E)
    .ARM.Collect$$libinit$$00000030          0x08000162   Section        0  libinit2.o(.ARM.Collect$$libinit$$00000030)
    .ARM.Collect$$libinit$$00000032          0x08000162   Section        0  libinit2.o(.ARM.Collect$$libinit$$00000032)
    .ARM.Collect$$libinit$$00000033          0x08000162   Section        2  libinit2.o(.ARM.Collect$$libinit$$00000033)
    .ARM.Collect$$libshutdown$$00000000      0x08000164   Section        2  libshutdown.o(.ARM.Collect$$libshutdown$$00000000)
    .ARM.Collect$$libshutdown$$00000002      0x08000166   Section        0  libshutdown2.o(.ARM.Collect$$libshutdown$$00000002)
    .ARM.Collect$$libshutdown$$00000004      0x08000166   Section        0  libshutdown2.o(.ARM.Collect$$libshutdown$$00000004)
    .ARM.Collect$$libshutdown$$00000006      0x08000166   Section        0  libshutdown2.o(.ARM.Collect$$libshutdown$$00000006)
    .ARM.Collect$$libshutdown$$00000009      0x08000166   Section        0  libshutdown2.o(.ARM.Collect$$libshutdown$$00000009)
    .ARM.Collect$$libshutdown$$0000000C      0x08000166   Section        0  libshutdown2.o(.ARM.Collect$$libshutdown$$0000000C)
    .ARM.Collect$$libshutdown$$0000000E      0x08000166   Section        0  libshutdown2.o(.ARM.Collect$$libshutdown$$0000000E)
    .ARM.Collect$$libshutdown$$00000011      0x08000166   Section        0  libshutdown2.o(.ARM.Collect$$libshutdown$$00000011)
    .ARM.Collect$$libshutdown$$00000012      0x08000166   Section        2  libshutdown2.o(.ARM.Collect$$libshutdown$$00000012)
    .ARM.Collect$$rtentry$$00000000          0x08000168   Section        0  __rtentry.o(.ARM.Collect$$rtentry$$00000000)
    .ARM.Collect$$rtentry$$00000002          0x08000168   Section        0  __rtentry2.o(.ARM.Collect$$rtentry$$00000002)
    .ARM.Collect$$rtentry$$00000004          0x08000168   Section        6  __rtentry4.o(.ARM.Collect$$rtentry$$00000004)
    .ARM.Collect$$rtentry$$00000009          0x0800016e   Section        0  __rtentry2.o(.ARM.Collect$$rtentry$$00000009)
    .ARM.Collect$$rtentry$$0000000A          0x0800016e   Section        4  __rtentry2.o(.ARM.Collect$$rtentry$$0000000A)
    .ARM.Collect$$rtentry$$0000000C          0x08000172   Section        0  __rtentry2.o(.ARM.Collect$$rtentry$$0000000C)
    .ARM.Collect$$rtentry$$0000000D          0x08000172   Section        8  __rtentry2.o(.ARM.Collect$$rtentry$$0000000D)
    .ARM.Collect$$rtexit$$00000000           0x0800017a   Section        2  rtexit.o(.ARM.Collect$$rtexit$$00000000)
    .ARM.Collect$$rtexit$$00000002           0x0800017c   Section        0  rtexit2.o(.ARM.Collect$$rtexit$$00000002)
    .ARM.Collect$$rtexit$$00000003           0x0800017c   Section        4  rtexit2.o(.ARM.Collect$$rtexit$$00000003)
    .ARM.Collect$$rtexit$$00000004           0x08000180   Section        6  rtexit2.o(.ARM.Collect$$rtexit$$00000004)
    .emb_text                                0x08000188   Section      150  port.o(.emb_text)
    .text                                    0x08000220   Section       64  startup_stm32f103xb.o(.text)
    .text                                    0x08000260   Section      100  rt_memcpy_w.o(.text)
    .text                                    0x080002c4   Section       78  rt_memclr_w.o(.text)
    .text                                    0x08000312   Section        0  heapauxi.o(.text)
    .text                                    0x08000318   Section       74  sys_stackheap_outer.o(.text)
    .text                                    0x08000362   Section        0  exit.o(.text)
    .text                                    0x08000374   Section        8  libspace.o(.text)
    .text                                    0x0800037c   Section        0  sys_exit.o(.text)
    .text                                    0x08000388   Section        2  use_no_semi.o(.text)
    .text                                    0x0800038a   Section        0  indicate_semi.o(.text)
    i.BusFault_Handler                       0x0800038a   Section        0  stm32f1xx_it.o(i.BusFault_Handler)
    i.DebugMon_Handler                       0x0800038c   Section        0  stm32f1xx_it.o(i.DebugMon_Handler)
    i.Error_Handler                          0x0800038e   Section        0  main.o(i.Error_Handler)
    i.HAL_DMA_Abort                          0x08000392   Section        0  stm32f1xx_hal_dma.o(i.HAL_DMA_Abort)
    i.HAL_DMA_Abort_IT                       0x080003d8   Section        0  stm32f1xx_hal_dma.o(i.HAL_DMA_Abort_IT)
    i.HAL_GPIO_Init                          0x08000470   Section        0  stm32f1xx_hal_gpio.o(i.HAL_GPIO_Init)
    i.HAL_GPIO_ReadPin                       0x08000650   Section        0  stm32f1xx_hal_gpio.o(i.HAL_GPIO_ReadPin)
    i.HAL_GetTick                            0x0800065c   Section        0  stm32f1xx_hal.o(i.HAL_GetTick)
    i.HAL_I2C_Init                           0x08000668   Section        0  stm32f1xx_hal_i2c.o(i.HAL_I2C_Init)
    i.HAL_I2C_Mem_Write                      0x080007f0   Section        0  stm32f1xx_hal_i2c.o(i.HAL_I2C_Mem_Write)
    i.HAL_I2C_MspInit                        0x08000920   Section        0  i2c.o(i.HAL_I2C_MspInit)
    i.HAL_IncTick                            0x0800097c   Section        0  stm32f1xx_hal.o(i.HAL_IncTick)
    i.HAL_Init                               0x0800098c   Section        0  stm32f1xx_hal.o(i.HAL_Init)
    i.HAL_InitTick                           0x080009b0   Section        0  stm32f1xx_hal_timebase_tim.o(i.HAL_InitTick)
    i.HAL_MspInit                            0x08000a3c   Section        0  stm32f1xx_hal_msp.o(i.HAL_MspInit)
    i.HAL_NVIC_EnableIRQ                     0x08000a84   Section        0  stm32f1xx_hal_cortex.o(i.HAL_NVIC_EnableIRQ)
    i.HAL_NVIC_SetPriority                   0x08000aa0   Section        0  stm32f1xx_hal_cortex.o(i.HAL_NVIC_SetPriority)
    i.HAL_NVIC_SetPriorityGrouping           0x08000ae0   Section        0  stm32f1xx_hal_cortex.o(i.HAL_NVIC_SetPriorityGrouping)
    i.HAL_RCC_ClockConfig                    0x08000b04   Section        0  stm32f1xx_hal_rcc.o(i.HAL_RCC_ClockConfig)
    i.HAL_RCC_GetClockConfig                 0x08000c30   Section        0  stm32f1xx_hal_rcc.o(i.HAL_RCC_GetClockConfig)
    i.HAL_RCC_GetPCLK1Freq                   0x08000c70   Section        0  stm32f1xx_hal_rcc.o(i.HAL_RCC_GetPCLK1Freq)
    i.HAL_RCC_GetPCLK2Freq                   0x08000c90   Section        0  stm32f1xx_hal_rcc.o(i.HAL_RCC_GetPCLK2Freq)
    i.HAL_RCC_GetSysClockFreq                0x08000cb0   Section        0  stm32f1xx_hal_rcc.o(i.HAL_RCC_GetSysClockFreq)
    i.HAL_RCC_OscConfig                      0x08000cfc   Section        0  stm32f1xx_hal_rcc.o(i.HAL_RCC_OscConfig)
    i.HAL_TIMEx_BreakCallback                0x0800101c   Section        0  stm32f1xx_hal_tim_ex.o(i.HAL_TIMEx_BreakCallback)
    i.HAL_TIMEx_CommutCallback               0x0800101e   Section        0  stm32f1xx_hal_tim_ex.o(i.HAL_TIMEx_CommutCallback)
    i.HAL_TIM_Base_Init                      0x08001020   Section        0  stm32f1xx_hal_tim.o(i.HAL_TIM_Base_Init)
    i.HAL_TIM_Base_MspInit                   0x0800107a   Section        0  stm32f1xx_hal_tim.o(i.HAL_TIM_Base_MspInit)
    i.HAL_TIM_Base_Start_IT                  0x0800107c   Section        0  stm32f1xx_hal_tim.o(i.HAL_TIM_Base_Start_IT)
    i.HAL_TIM_IC_CaptureCallback             0x080010d4   Section        0  stm32f1xx_hal_tim.o(i.HAL_TIM_IC_CaptureCallback)
    i.HAL_TIM_IRQHandler                     0x080010d6   Section        0  stm32f1xx_hal_tim.o(i.HAL_TIM_IRQHandler)
    i.HAL_TIM_OC_DelayElapsedCallback        0x08001206   Section        0  stm32f1xx_hal_tim.o(i.HAL_TIM_OC_DelayElapsedCallback)
    i.HAL_TIM_PWM_PulseFinishedCallback      0x08001208   Section        0  stm32f1xx_hal_tim.o(i.HAL_TIM_PWM_PulseFinishedCallback)
    i.HAL_TIM_PeriodElapsedCallback          0x0800120c   Section        0  main.o(i.HAL_TIM_PeriodElapsedCallback)
    i.HAL_TIM_TriggerCallback                0x08001220   Section        0  stm32f1xx_hal_tim.o(i.HAL_TIM_TriggerCallback)
    i.HAL_UARTEx_RxEventCallback             0x08001222   Section        0  stm32f1xx_hal_uart.o(i.HAL_UARTEx_RxEventCallback)
    i.HAL_UART_ErrorCallback                 0x08001224   Section        0  stm32f1xx_hal_uart.o(i.HAL_UART_ErrorCallback)
    i.HAL_UART_IRQHandler                    0x08001228   Section        0  stm32f1xx_hal_uart.o(i.HAL_UART_IRQHandler)
    i.HAL_UART_Init                          0x08001494   Section        0  stm32f1xx_hal_uart.o(i.HAL_UART_Init)
    i.HAL_UART_MspInit                       0x080014f8   Section        0  usart.o(i.HAL_UART_MspInit)
    i.HAL_UART_Receive_IT                    0x08001578   Section        0  stm32f1xx_hal_uart.o(i.HAL_UART_Receive_IT)
    i.HAL_UART_RxCpltCallback                0x08001594   Section        0  uart.o(i.HAL_UART_RxCpltCallback)
    i.HAL_UART_TxCpltCallback                0x0800160c   Section        0  stm32f1xx_hal_uart.o(i.HAL_UART_TxCpltCallback)
    i.HardFault_Handler                      0x0800160e   Section        0  stm32f1xx_it.o(i.HardFault_Handler)
    i.I2C_IsAcknowledgeFailed                0x08001610   Section        0  stm32f1xx_hal_i2c.o(i.I2C_IsAcknowledgeFailed)
    I2C_IsAcknowledgeFailed                  0x08001611   Thumb Code    46  stm32f1xx_hal_i2c.o(i.I2C_IsAcknowledgeFailed)
    i.I2C_RequestMemoryWrite                 0x08001640   Section        0  stm32f1xx_hal_i2c.o(i.I2C_RequestMemoryWrite)
    I2C_RequestMemoryWrite                   0x08001641   Thumb Code   162  stm32f1xx_hal_i2c.o(i.I2C_RequestMemoryWrite)
    i.I2C_WaitOnBTFFlagUntilTimeout          0x080016e8   Section        0  stm32f1xx_hal_i2c.o(i.I2C_WaitOnBTFFlagUntilTimeout)
    I2C_WaitOnBTFFlagUntilTimeout            0x080016e9   Thumb Code    86  stm32f1xx_hal_i2c.o(i.I2C_WaitOnBTFFlagUntilTimeout)
    i.I2C_WaitOnFlagUntilTimeout             0x08001740   Section        0  stm32f1xx_hal_i2c.o(i.I2C_WaitOnFlagUntilTimeout)
    I2C_WaitOnFlagUntilTimeout               0x08001741   Thumb Code   144  stm32f1xx_hal_i2c.o(i.I2C_WaitOnFlagUntilTimeout)
    i.I2C_WaitOnMasterAddressFlagUntilTimeout 0x080017d0   Section        0  stm32f1xx_hal_i2c.o(i.I2C_WaitOnMasterAddressFlagUntilTimeout)
    I2C_WaitOnMasterAddressFlagUntilTimeout  0x080017d1   Thumb Code   188  stm32f1xx_hal_i2c.o(i.I2C_WaitOnMasterAddressFlagUntilTimeout)
    i.I2C_WaitOnTXEFlagUntilTimeout          0x0800188c   Section        0  stm32f1xx_hal_i2c.o(i.I2C_WaitOnTXEFlagUntilTimeout)
    I2C_WaitOnTXEFlagUntilTimeout            0x0800188d   Thumb Code    86  stm32f1xx_hal_i2c.o(i.I2C_WaitOnTXEFlagUntilTimeout)
    i.MX_FREERTOS_Init                       0x080018e4   Section        0  freertos.o(i.MX_FREERTOS_Init)
    i.MX_GPIO_Init                           0x0800194c   Section        0  gpio.o(i.MX_GPIO_Init)
    i.MX_I2C1_Init                           0x080019a4   Section        0  i2c.o(i.MX_I2C1_Init)
    i.MX_USART1_UART_Init                    0x080019e4   Section        0  usart.o(i.MX_USART1_UART_Init)
    i.MemManage_Handler                      0x08001a1c   Section        0  stm32f1xx_it.o(i.MemManage_Handler)
    i.Menu_DisplayUpdate                     0x08001a20   Section        0  key.o(i.Menu_DisplayUpdate)
    i.NMI_Handler                            0x08001b20   Section        0  stm32f1xx_it.o(i.NMI_Handler)
    i.OLED_Clear                             0x08001b22   Section        0  oled.o(i.OLED_Clear)
    i.OLED_Init                              0x08001b48   Section        0  oled.o(i.OLED_Init)
    i.OLED_SetCursor                         0x08001bf0   Section        0  oled.o(i.OLED_SetCursor)
    OLED_SetCursor                           0x08001bf1   Thumb Code    34  oled.o(i.OLED_SetCursor)
    i.OLED_ShowChar                          0x08001c14   Section        0  oled.o(i.OLED_ShowChar)
    i.OLED_ShowString                        0x08001c70   Section        0  oled.o(i.OLED_ShowString)
    i.OLED_WriteCommand                      0x08001c98   Section        0  oled.o(i.OLED_WriteCommand)
    OLED_WriteCommand                        0x08001c99   Thumb Code    30  oled.o(i.OLED_WriteCommand)
    i.OLED_WriteData                         0x08001cbc   Section        0  oled.o(i.OLED_WriteData)
    OLED_WriteData                           0x08001cbd   Thumb Code    30  oled.o(i.OLED_WriteData)
    i.StartDefaultTask                       0x08001ce0   Section        0  freertos.o(i.StartDefaultTask)
    i.SysTick_Handler                        0x08001ce8   Section        0  port.o(i.SysTick_Handler)
    i.SystemClock_Config                     0x08001d14   Section        0  main.o(i.SystemClock_Config)
    i.SystemInit                             0x08001d72   Section        0  system_stm32f1xx.o(i.SystemInit)
    i.TIM1_UP_IRQHandler                     0x08001d74   Section        0  stm32f1xx_it.o(i.TIM1_UP_IRQHandler)
    i.TIM_Base_SetConfig                     0x08001d80   Section        0  stm32f1xx_hal_tim.o(i.TIM_Base_SetConfig)
    i.UART_DMAAbortOnError                   0x08001df8   Section        0  stm32f1xx_hal_uart.o(i.UART_DMAAbortOnError)
    UART_DMAAbortOnError                     0x08001df9   Thumb Code    16  stm32f1xx_hal_uart.o(i.UART_DMAAbortOnError)
    i.UART_EndRxTransfer                     0x08001e08   Section        0  stm32f1xx_hal_uart.o(i.UART_EndRxTransfer)
    UART_EndRxTransfer                       0x08001e09   Thumb Code    78  stm32f1xx_hal_uart.o(i.UART_EndRxTransfer)
    i.UART_Receive_IT                        0x08001e56   Section        0  stm32f1xx_hal_uart.o(i.UART_Receive_IT)
    UART_Receive_IT                          0x08001e57   Thumb Code   194  stm32f1xx_hal_uart.o(i.UART_Receive_IT)
    i.UART_SetConfig                         0x08001f18   Section        0  stm32f1xx_hal_uart.o(i.UART_SetConfig)
    UART_SetConfig                           0x08001f19   Thumb Code   178  stm32f1xx_hal_uart.o(i.UART_SetConfig)
    i.UART_Start_Receive_IT                  0x08001fd0   Section        0  stm32f1xx_hal_uart.o(i.UART_Start_Receive_IT)
    i.USART1_IRQHandler                      0x08002008   Section        0  stm32f1xx_it.o(i.USART1_IRQHandler)
    i.UsageFault_Handler                     0x08002014   Section        0  stm32f1xx_it.o(i.UsageFault_Handler)
    i.__NVIC_SetPriority                     0x08002016   Section        0  stm32f1xx_hal_cortex.o(i.__NVIC_SetPriority)
    __NVIC_SetPriority                       0x08002017   Thumb Code    32  stm32f1xx_hal_cortex.o(i.__NVIC_SetPriority)
    i.key_work                               0x08002038   Section        0  key.o(i.key_work)
    i.main                                   0x080020c0   Section        0  main.o(i.main)
    i.makeFreeRtosPriority                   0x080020de   Section        0  cmsis_os.o(i.makeFreeRtosPriority)
    makeFreeRtosPriority                     0x080020df   Thumb Code    12  cmsis_os.o(i.makeFreeRtosPriority)
    i.oled_work                              0x080020ea   Section        0  oled.o(i.oled_work)
    i.osDelay                                0x080020fa   Section        0  cmsis_os.o(i.osDelay)
    i.osKernelStart                          0x08002108   Section        0  cmsis_os.o(i.osKernelStart)
    i.osThreadCreate                         0x08002112   Section        0  cmsis_os.o(i.osThreadCreate)
    i.param_to_str                           0x08002168   Section        0  key.o(i.param_to_str)
    param_to_str                             0x08002169   Thumb Code   156  key.o(i.param_to_str)
    i.prvAddCurrentTaskToDelayedList         0x0800220c   Section        0  tasks.o(i.prvAddCurrentTaskToDelayedList)
    prvAddCurrentTaskToDelayedList           0x0800220d   Thumb Code   102  tasks.o(i.prvAddCurrentTaskToDelayedList)
    i.prvAddNewTaskToReadyList               0x0800227c   Section        0  tasks.o(i.prvAddNewTaskToReadyList)
    prvAddNewTaskToReadyList                 0x0800227d   Thumb Code   194  tasks.o(i.prvAddNewTaskToReadyList)
    i.prvDeleteTCB                           0x0800234c   Section        0  tasks.o(i.prvDeleteTCB)
    prvDeleteTCB                             0x0800234d   Thumb Code    52  tasks.o(i.prvDeleteTCB)
    i.prvHeapInit                            0x08002380   Section        0  heap_4.o(i.prvHeapInit)
    prvHeapInit                              0x08002381   Thumb Code    66  heap_4.o(i.prvHeapInit)
    i.prvIdleTask                            0x080023cc   Section        0  tasks.o(i.prvIdleTask)
    prvIdleTask                              0x080023cd   Thumb Code    82  tasks.o(i.prvIdleTask)
    i.prvInitialiseNewTask                   0x0800242c   Section        0  tasks.o(i.prvInitialiseNewTask)
    prvInitialiseNewTask                     0x0800242d   Thumb Code   152  tasks.o(i.prvInitialiseNewTask)
    i.prvInsertBlockIntoFreeList             0x080024c4   Section        0  heap_4.o(i.prvInsertBlockIntoFreeList)
    prvInsertBlockIntoFreeList               0x080024c5   Thumb Code    72  heap_4.o(i.prvInsertBlockIntoFreeList)
    i.prvResetNextTaskUnblockTime            0x08002510   Section        0  tasks.o(i.prvResetNextTaskUnblockTime)
    prvResetNextTaskUnblockTime              0x08002511   Thumb Code    26  tasks.o(i.prvResetNextTaskUnblockTime)
    i.prvTaskExitError                       0x08002530   Section        0  port.o(i.prvTaskExitError)
    prvTaskExitError                         0x08002531   Thumb Code    36  port.o(i.prvTaskExitError)
    i.pvPortMalloc                           0x08002558   Section        0  heap_4.o(i.pvPortMalloc)
    i.pxPortInitialiseStack                  0x08002634   Section        0  port.o(i.pxPortInitialiseStack)
    i.uart_work                              0x08002658   Section        0  uart.o(i.uart_work)
    i.uint32_to_str                          0x08002674   Section        0  key.o(i.uint32_to_str)
    uint32_to_str                            0x08002675   Thumb Code    72  key.o(i.uint32_to_str)
    i.update_params_from_frame               0x080026bc   Section        0  uart.o(i.update_params_from_frame)
    update_params_from_frame                 0x080026bd   Thumb Code   116  uart.o(i.update_params_from_frame)
    i.uxListRemove                           0x08002738   Section        0  list.o(i.uxListRemove)
    i.vApplicationGetIdleTaskMemory          0x08002760   Section        0  freertos.o(i.vApplicationGetIdleTaskMemory)
    i.vListInitialise                        0x08002774   Section        0  list.o(i.vListInitialise)
    i.vListInitialiseItem                    0x0800278a   Section        0  list.o(i.vListInitialiseItem)
    i.vListInsert                            0x08002790   Section        0  list.o(i.vListInsert)
    i.vListInsertEnd                         0x080027c0   Section        0  list.o(i.vListInsertEnd)
    i.vPortEnterCritical                     0x080027d8   Section        0  port.o(i.vPortEnterCritical)
    i.vPortExitCritical                      0x08002818   Section        0  port.o(i.vPortExitCritical)
    i.vPortFree                              0x08002840   Section        0  heap_4.o(i.vPortFree)
    i.vPortSetupTimerInterrupt               0x080028a4   Section        0  port.o(i.vPortSetupTimerInterrupt)
    i.vTaskDelay                             0x080028c8   Section        0  tasks.o(i.vTaskDelay)
    i.vTaskStartScheduler                    0x08002914   Section        0  tasks.o(i.vTaskStartScheduler)
    i.vTaskSuspendAll                        0x08002980   Section        0  tasks.o(i.vTaskSuspendAll)
    i.vTaskSwitchContext                     0x08002990   Section        0  tasks.o(i.vTaskSwitchContext)
    i.xPortStartScheduler                    0x080029ec   Section        0  port.o(i.xPortStartScheduler)
    i.xTaskCreate                            0x08002a94   Section        0  tasks.o(i.xTaskCreate)
    i.xTaskCreateStatic                      0x08002aee   Section        0  tasks.o(i.xTaskCreateStatic)
    i.xTaskIncrementTick                     0x08002b44   Section        0  tasks.o(i.xTaskIncrementTick)
    i.xTaskResumeAll                         0x08002c10   Section        0  tasks.o(i.xTaskResumeAll)
    .constdata                               0x08002cd4   Section      112  freertos.o(.constdata)
    .constdata                               0x08002d44   Section       18  stm32f1xx_hal_rcc.o(.constdata)
    aPredivFactorTable                       0x08002d44   Data           2  stm32f1xx_hal_rcc.o(.constdata)
    aPLLMULFactorTable                       0x08002d46   Data          16  stm32f1xx_hal_rcc.o(.constdata)
    .constdata                               0x08002d56   Section       16  system_stm32f1xx.o(.constdata)
    .constdata                               0x08002d66   Section        8  system_stm32f1xx.o(.constdata)
    .constdata                               0x08002d6e   Section     1520  oled.o(.constdata)
    OLED_F8x16                               0x08002d6e   Data        1520  oled.o(.constdata)
    .constdata                               0x08003360   Section       63  key.o(.constdata)
    PHASE_TABLE                              0x08003360   Data           7  key.o(.constdata)
    MENU_NAMES                               0x08003368   Data          32  key.o(.constdata)
    DELAY_TABLE                              0x08003388   Data          12  key.o(.constdata)
    ATTN_TABLE                               0x08003394   Data          11  key.o(.constdata)
    .constdata                               0x0800339f   Section        7  uart.o(.constdata)
    MOD_TABLE                                0x0800339f   Data           7  uart.o(.constdata)
    .conststring                             0x080033a8   Section       45  freertos.o(.conststring)
    .conststring                             0x080033d8   Section       58  key.o(.conststring)
    .data                                    0x20000000   Section       16  freertos.o(.data)
    .data                                    0x20000010   Section       12  stm32f1xx_hal.o(.data)
    .data                                    0x2000001c   Section        4  system_stm32f1xx.o(.data)
    .data                                    0x20000020   Section       18  key.o(.data)
    last_up                                  0x20000020   Data           1  key.o(.data)
    last_down                                0x20000021   Data           1  key.o(.data)
    .data                                    0x20000032   Section        2  uart.o(.data)
    uart_rx_idx                              0x20000032   Data           1  uart.o(.data)
    uart_rx_state                            0x20000033   Data           1  uart.o(.data)
    .data                                    0x20000034   Section       60  tasks.o(.data)
    uxDeletedTasksWaitingCleanUp             0x20000038   Data           4  tasks.o(.data)
    uxCurrentNumberOfTasks                   0x2000003c   Data           4  tasks.o(.data)
    xTickCount                               0x20000040   Data           4  tasks.o(.data)
    uxTopReadyPriority                       0x20000044   Data           4  tasks.o(.data)
    xSchedulerRunning                        0x20000048   Data           4  tasks.o(.data)
    xPendedTicks                             0x2000004c   Data           4  tasks.o(.data)
    xYieldPending                            0x20000050   Data           4  tasks.o(.data)
    xNumOfOverflows                          0x20000054   Data           4  tasks.o(.data)
    uxTaskNumber                             0x20000058   Data           4  tasks.o(.data)
    xNextTaskUnblockTime                     0x2000005c   Data           4  tasks.o(.data)
    xIdleTaskHandle                          0x20000060   Data           4  tasks.o(.data)
    uxSchedulerSuspended                     0x20000064   Data           4  tasks.o(.data)
    pxDelayedTaskList                        0x20000068   Data           4  tasks.o(.data)
    pxOverflowDelayedTaskList                0x2000006c   Data           4  tasks.o(.data)
    .data                                    0x20000070   Section       32  heap_4.o(.data)
    pxEnd                                    0x20000070   Data           4  heap_4.o(.data)
    xFreeBytesRemaining                      0x20000074   Data           4  heap_4.o(.data)
    xMinimumEverFreeBytesRemaining           0x20000078   Data           4  heap_4.o(.data)
    xNumberOfSuccessfulAllocations           0x2000007c   Data           4  heap_4.o(.data)
    xNumberOfSuccessfulFrees                 0x20000080   Data           4  heap_4.o(.data)
    xBlockAllocatedBit                       0x20000084   Data           4  heap_4.o(.data)
    xStart                                   0x20000088   Data           8  heap_4.o(.data)
    .data                                    0x20000090   Section       12  port.o(.data)
    ucMaxSysCallPriority                     0x20000090   Data           1  port.o(.data)
    uxCriticalNesting                        0x20000094   Data           4  port.o(.data)
    ulMaxPRIGROUPValue                       0x20000098   Data           4  port.o(.data)
    .bss                                     0x2000009c   Section      596  freertos.o(.bss)
    xIdleTaskTCBBuffer                       0x2000009c   Data          84  freertos.o(.bss)
    xIdleStack                               0x200000f0   Data         512  freertos.o(.bss)
    .bss                                     0x200002f0   Section       84  i2c.o(.bss)
    .bss                                     0x20000344   Section       72  usart.o(.bss)
    .bss                                     0x2000038c   Section       72  stm32f1xx_hal_timebase_tim.o(.bss)
    .bss                                     0x200003d4   Section       10  uart.o(.bss)
    uart_rx_buf                              0x200003d4   Data          10  uart.o(.bss)
    .bss                                     0x200003e0   Section      240  tasks.o(.bss)
    pxReadyTasksLists                        0x200003e0   Data         140  tasks.o(.bss)
    xDelayedTaskList1                        0x2000046c   Data          20  tasks.o(.bss)
    xDelayedTaskList2                        0x20000480   Data          20  tasks.o(.bss)
    xPendingReadyList                        0x20000494   Data          20  tasks.o(.bss)
    xTasksWaitingTermination                 0x200004a8   Data          20  tasks.o(.bss)
    xSuspendedTaskList                       0x200004bc   Data          20  tasks.o(.bss)
    .bss                                     0x200004d0   Section     8192  heap_4.o(.bss)
    ucHeap                                   0x200004d0   Data        8192  heap_4.o(.bss)
    .bss                                     0x200024d0   Section       96  libspace.o(.bss)
    HEAP                                     0x20002530   Section      512  startup_stm32f103xb.o(HEAP)
    Heap_Mem                                 0x20002530   Data         512  startup_stm32f103xb.o(HEAP)
    STACK                                    0x20002730   Section     1024  startup_stm32f103xb.o(STACK)
    Stack_Mem                                0x20002730   Data        1024  startup_stm32f103xb.o(STACK)
    __initial_sp                             0x20002b30   Data           0  startup_stm32f103xb.o(STACK)

    Global Symbols

    Symbol Name                              Value     Ov Type        Size  Object(Section)

    BuildAttributes$$THM_ISAv4$P$D$K$B$S$PE$A:L22UL41UL21$X:L11$S22US41US21$IEEE1$IW$USESV6$~STKCKD$USESV7$~SHL$OSPACE$ROPI$EBA8$UX$STANDARDLIB$REQ8$PRES8$EABIv2 0x00000000   Number         0  anon$$obj.o ABSOLUTE
    __ARM_use_no_argv                        0x00000000   Number         0  main.o ABSOLUTE
    __ARM_exceptions_init                     - Undefined Weak Reference
    __alloca_initialize                       - Undefined Weak Reference
    __arm_fini_                               - Undefined Weak Reference
    __arm_preinit_                            - Undefined Weak Reference
    __cpp_initialize__aeabi_                  - Undefined Weak Reference
    __cxa_finalize                            - Undefined Weak Reference
    __rt_locale                               - Undefined Weak Reference
    __sigvec_lookup                           - Undefined Weak Reference
    _atexit_init                              - Undefined Weak Reference
    _call_atexit_fns                          - Undefined Weak Reference
    _clock_init                               - Undefined Weak Reference
    _fp_trap_init                             - Undefined Weak Reference
    _fp_trap_shutdown                         - Undefined Weak Reference
    _get_lc_collate                           - Undefined Weak Reference
    _get_lc_ctype                             - Undefined Weak Reference
    _get_lc_monetary                          - Undefined Weak Reference
    _get_lc_numeric                           - Undefined Weak Reference
    _get_lc_time                              - Undefined Weak Reference
    _getenv_init                              - Undefined Weak Reference
    _handle_redirection                       - Undefined Weak Reference
    _init_alloc                               - Undefined Weak Reference
    _init_user_alloc                          - Undefined Weak Reference
    _initio                                   - Undefined Weak Reference
    _rand_init                                - Undefined Weak Reference
    _signal_finish                            - Undefined Weak Reference
    _signal_init                              - Undefined Weak Reference
    _terminate_alloc                          - Undefined Weak Reference
    _terminate_user_alloc                     - Undefined Weak Reference
    _terminateio                              - Undefined Weak Reference
    __Vectors_Size                           0x000000ec   Number         0  startup_stm32f103xb.o ABSOLUTE
    __Vectors                                0x08000000   Data           4  startup_stm32f103xb.o(RESET)
    __Vectors_End                            0x080000ec   Data           0  startup_stm32f103xb.o(RESET)
    __main                                   0x080000ed   Thumb Code     8  __main.o(!!!main)
    __scatterload                            0x080000f5   Thumb Code     0  __scatter.o(!!!scatter)
    __scatterload_rt2                        0x080000f5   Thumb Code    44  __scatter.o(!!!scatter)
    __scatterload_rt2_thumb_only             0x080000f5   Thumb Code     0  __scatter.o(!!!scatter)
    __scatterload_null                       0x08000103   Thumb Code     0  __scatter.o(!!!scatter)
    __scatterload_copy                       0x08000129   Thumb Code    26  __scatter_copy.o(!!handler_copy)
    __scatterload_zeroinit                   0x08000145   Thumb Code    28  __scatter_zi.o(!!handler_zi)
    __rt_lib_init                            0x08000161   Thumb Code     0  libinit.o(.ARM.Collect$$libinit$$00000000)
    __rt_lib_init_alloca_1                   0x08000163   Thumb Code     0  libinit2.o(.ARM.Collect$$libinit$$0000002E)
    __rt_lib_init_argv_1                     0x08000163   Thumb Code     0  libinit2.o(.ARM.Collect$$libinit$$0000002C)
    __rt_lib_init_atexit_1                   0x08000163   Thumb Code     0  libinit2.o(.ARM.Collect$$libinit$$0000001B)
    __rt_lib_init_clock_1                    0x08000163   Thumb Code     0  libinit2.o(.ARM.Collect$$libinit$$00000021)
    __rt_lib_init_cpp_1                      0x08000163   Thumb Code     0  libinit2.o(.ARM.Collect$$libinit$$00000032)
    __rt_lib_init_exceptions_1               0x08000163   Thumb Code     0  libinit2.o(.ARM.Collect$$libinit$$00000030)
    __rt_lib_init_fp_1                       0x08000163   Thumb Code     0  libinit2.o(.ARM.Collect$$libinit$$00000002)
    __rt_lib_init_fp_trap_1                  0x08000163   Thumb Code     0  libinit2.o(.ARM.Collect$$libinit$$0000001F)
    __rt_lib_init_getenv_1                   0x08000163   Thumb Code     0  libinit2.o(.ARM.Collect$$libinit$$00000023)
    __rt_lib_init_heap_1                     0x08000163   Thumb Code     0  libinit2.o(.ARM.Collect$$libinit$$0000000A)
    __rt_lib_init_lc_collate_1               0x08000163   Thumb Code     0  libinit2.o(.ARM.Collect$$libinit$$00000011)
    __rt_lib_init_lc_ctype_1                 0x08000163   Thumb Code     0  libinit2.o(.ARM.Collect$$libinit$$00000013)
    __rt_lib_init_lc_monetary_1              0x08000163   Thumb Code     0  libinit2.o(.ARM.Collect$$libinit$$00000015)
    __rt_lib_init_lc_numeric_1               0x08000163   Thumb Code     0  libinit2.o(.ARM.Collect$$libinit$$00000017)
    __rt_lib_init_lc_time_1                  0x08000163   Thumb Code     0  libinit2.o(.ARM.Collect$$libinit$$00000019)
    __rt_lib_init_preinit_1                  0x08000163   Thumb Code     0  libinit2.o(.ARM.Collect$$libinit$$00000004)
    __rt_lib_init_rand_1                     0x08000163   Thumb Code     0  libinit2.o(.ARM.Collect$$libinit$$0000000E)
    __rt_lib_init_return                     0x08000163   Thumb Code     0  libinit2.o(.ARM.Collect$$libinit$$00000033)
    __rt_lib_init_signal_1                   0x08000163   Thumb Code     0  libinit2.o(.ARM.Collect$$libinit$$0000001D)
    __rt_lib_init_stdio_1                    0x08000163   Thumb Code     0  libinit2.o(.ARM.Collect$$libinit$$00000025)
    __rt_lib_init_user_alloc_1               0x08000163   Thumb Code     0  libinit2.o(.ARM.Collect$$libinit$$0000000C)
    __rt_lib_shutdown                        0x08000165   Thumb Code     0  libshutdown.o(.ARM.Collect$$libshutdown$$00000000)
    __rt_lib_shutdown_cpp_1                  0x08000167   Thumb Code     0  libshutdown2.o(.ARM.Collect$$libshutdown$$00000004)
    __rt_lib_shutdown_fini_1                 0x08000167   Thumb Code     0  libshutdown2.o(.ARM.Collect$$libshutdown$$00000002)
    __rt_lib_shutdown_fp_trap_1              0x08000167   Thumb Code     0  libshutdown2.o(.ARM.Collect$$libshutdown$$00000009)
    __rt_lib_shutdown_heap_1                 0x08000167   Thumb Code     0  libshutdown2.o(.ARM.Collect$$libshutdown$$00000011)
    __rt_lib_shutdown_return                 0x08000167   Thumb Code     0  libshutdown2.o(.ARM.Collect$$libshutdown$$00000012)
    __rt_lib_shutdown_signal_1               0x08000167   Thumb Code     0  libshutdown2.o(.ARM.Collect$$libshutdown$$0000000C)
    __rt_lib_shutdown_stdio_1                0x08000167   Thumb Code     0  libshutdown2.o(.ARM.Collect$$libshutdown$$00000006)
    __rt_lib_shutdown_user_alloc_1           0x08000167   Thumb Code     0  libshutdown2.o(.ARM.Collect$$libshutdown$$0000000E)
    __rt_entry                               0x08000169   Thumb Code     0  __rtentry.o(.ARM.Collect$$rtentry$$00000000)
    __rt_entry_presh_1                       0x08000169   Thumb Code     0  __rtentry2.o(.ARM.Collect$$rtentry$$00000002)
    __rt_entry_sh                            0x08000169   Thumb Code     0  __rtentry4.o(.ARM.Collect$$rtentry$$00000004)
    __rt_entry_li                            0x0800016f   Thumb Code     0  __rtentry2.o(.ARM.Collect$$rtentry$$0000000A)
    __rt_entry_postsh_1                      0x0800016f   Thumb Code     0  __rtentry2.o(.ARM.Collect$$rtentry$$00000009)
    __rt_entry_main                          0x08000173   Thumb Code     0  __rtentry2.o(.ARM.Collect$$rtentry$$0000000D)
    __rt_entry_postli_1                      0x08000173   Thumb Code     0  __rtentry2.o(.ARM.Collect$$rtentry$$0000000C)
    __rt_exit                                0x0800017b   Thumb Code     0  rtexit.o(.ARM.Collect$$rtexit$$00000000)
    __rt_exit_ls                             0x0800017d   Thumb Code     0  rtexit2.o(.ARM.Collect$$rtexit$$00000003)
    __rt_exit_prels_1                        0x0800017d   Thumb Code     0  rtexit2.o(.ARM.Collect$$rtexit$$00000002)
    __rt_exit_exit                           0x08000181   Thumb Code     0  rtexit2.o(.ARM.Collect$$rtexit$$00000004)
    SVC_Handler                              0x08000189   Thumb Code    32  port.o(.emb_text)
    __asm___6_port_c_39a90d8d__prvStartFirstTask 0x080001ad   Thumb Code    28  port.o(.emb_text)
    PendSV_Handler                           0x080001cd   Thumb Code    72  port.o(.emb_text)
    vPortGetIPSR                             0x08000219   Thumb Code     6  port.o(.emb_text)
    Reset_Handler                            0x08000221   Thumb Code     8  startup_stm32f103xb.o(.text)
    ADC1_2_IRQHandler                        0x0800023b   Thumb Code     0  startup_stm32f103xb.o(.text)
    CAN1_RX1_IRQHandler                      0x0800023b   Thumb Code     0  startup_stm32f103xb.o(.text)
    CAN1_SCE_IRQHandler                      0x0800023b   Thumb Code     0  startup_stm32f103xb.o(.text)
    DMA1_Channel1_IRQHandler                 0x0800023b   Thumb Code     0  startup_stm32f103xb.o(.text)
    DMA1_Channel2_IRQHandler                 0x0800023b   Thumb Code     0  startup_stm32f103xb.o(.text)
    DMA1_Channel3_IRQHandler                 0x0800023b   Thumb Code     0  startup_stm32f103xb.o(.text)
    DMA1_Channel4_IRQHandler                 0x0800023b   Thumb Code     0  startup_stm32f103xb.o(.text)
    DMA1_Channel5_IRQHandler                 0x0800023b   Thumb Code     0  startup_stm32f103xb.o(.text)
    DMA1_Channel6_IRQHandler                 0x0800023b   Thumb Code     0  startup_stm32f103xb.o(.text)
    DMA1_Channel7_IRQHandler                 0x0800023b   Thumb Code     0  startup_stm32f103xb.o(.text)
    EXTI0_IRQHandler                         0x0800023b   Thumb Code     0  startup_stm32f103xb.o(.text)
    EXTI15_10_IRQHandler                     0x0800023b   Thumb Code     0  startup_stm32f103xb.o(.text)
    EXTI1_IRQHandler                         0x0800023b   Thumb Code     0  startup_stm32f103xb.o(.text)
    EXTI2_IRQHandler                         0x0800023b   Thumb Code     0  startup_stm32f103xb.o(.text)
    EXTI3_IRQHandler                         0x0800023b   Thumb Code     0  startup_stm32f103xb.o(.text)
    EXTI4_IRQHandler                         0x0800023b   Thumb Code     0  startup_stm32f103xb.o(.text)
    EXTI9_5_IRQHandler                       0x0800023b   Thumb Code     0  startup_stm32f103xb.o(.text)
    FLASH_IRQHandler                         0x0800023b   Thumb Code     0  startup_stm32f103xb.o(.text)
    I2C1_ER_IRQHandler                       0x0800023b   Thumb Code     0  startup_stm32f103xb.o(.text)
    I2C1_EV_IRQHandler                       0x0800023b   Thumb Code     0  startup_stm32f103xb.o(.text)
    I2C2_ER_IRQHandler                       0x0800023b   Thumb Code     0  startup_stm32f103xb.o(.text)
    I2C2_EV_IRQHandler                       0x0800023b   Thumb Code     0  startup_stm32f103xb.o(.text)
    PVD_IRQHandler                           0x0800023b   Thumb Code     0  startup_stm32f103xb.o(.text)
    RCC_IRQHandler                           0x0800023b   Thumb Code     0  startup_stm32f103xb.o(.text)
    RTC_Alarm_IRQHandler                     0x0800023b   Thumb Code     0  startup_stm32f103xb.o(.text)
    RTC_IRQHandler                           0x0800023b   Thumb Code     0  startup_stm32f103xb.o(.text)
    SPI1_IRQHandler                          0x0800023b   Thumb Code     0  startup_stm32f103xb.o(.text)
    SPI2_IRQHandler                          0x0800023b   Thumb Code     0  startup_stm32f103xb.o(.text)
    TAMPER_IRQHandler                        0x0800023b   Thumb Code     0  startup_stm32f103xb.o(.text)
    TIM1_BRK_IRQHandler                      0x0800023b   Thumb Code     0  startup_stm32f103xb.o(.text)
    TIM1_CC_IRQHandler                       0x0800023b   Thumb Code     0  startup_stm32f103xb.o(.text)
    TIM1_TRG_COM_IRQHandler                  0x0800023b   Thumb Code     0  startup_stm32f103xb.o(.text)
    TIM2_IRQHandler                          0x0800023b   Thumb Code     0  startup_stm32f103xb.o(.text)
    TIM3_IRQHandler                          0x0800023b   Thumb Code     0  startup_stm32f103xb.o(.text)
    TIM4_IRQHandler                          0x0800023b   Thumb Code     0  startup_stm32f103xb.o(.text)
    USART2_IRQHandler                        0x0800023b   Thumb Code     0  startup_stm32f103xb.o(.text)
    USART3_IRQHandler                        0x0800023b   Thumb Code     0  startup_stm32f103xb.o(.text)
    USBWakeUp_IRQHandler                     0x0800023b   Thumb Code     0  startup_stm32f103xb.o(.text)
    USB_HP_CAN1_TX_IRQHandler                0x0800023b   Thumb Code     0  startup_stm32f103xb.o(.text)
    USB_LP_CAN1_RX0_IRQHandler               0x0800023b   Thumb Code     0  startup_stm32f103xb.o(.text)
    WWDG_IRQHandler                          0x0800023b   Thumb Code     0  startup_stm32f103xb.o(.text)
    __user_initial_stackheap                 0x0800023d   Thumb Code     0  startup_stm32f103xb.o(.text)
    __aeabi_memcpy4                          0x08000261   Thumb Code     0  rt_memcpy_w.o(.text)
    __aeabi_memcpy8                          0x08000261   Thumb Code     0  rt_memcpy_w.o(.text)
    __rt_memcpy_w                            0x08000261   Thumb Code   100  rt_memcpy_w.o(.text)
    _memcpy_lastbytes_aligned                0x080002a9   Thumb Code     0  rt_memcpy_w.o(.text)
    __aeabi_memclr4                          0x080002c5   Thumb Code     0  rt_memclr_w.o(.text)
    __aeabi_memclr8                          0x080002c5   Thumb Code     0  rt_memclr_w.o(.text)
    __rt_memclr_w                            0x080002c5   Thumb Code    78  rt_memclr_w.o(.text)
    _memset_w                                0x080002c9   Thumb Code     0  rt_memclr_w.o(.text)
    __use_two_region_memory                  0x08000313   Thumb Code     2  heapauxi.o(.text)
    __rt_heap_escrow$2region                 0x08000315   Thumb Code     2  heapauxi.o(.text)
    __rt_heap_expand$2region                 0x08000317   Thumb Code     2  heapauxi.o(.text)
    __user_setup_stackheap                   0x08000319   Thumb Code    74  sys_stackheap_outer.o(.text)
    exit                                     0x08000363   Thumb Code    18  exit.o(.text)
    __user_libspace                          0x08000375   Thumb Code     8  libspace.o(.text)
    __user_perproc_libspace                  0x08000375   Thumb Code     0  libspace.o(.text)
    __user_perthread_libspace                0x08000375   Thumb Code     0  libspace.o(.text)
    _sys_exit                                0x0800037d   Thumb Code     8  sys_exit.o(.text)
    __I$use$semihosting                      0x08000389   Thumb Code     0  use_no_semi.o(.text)
    __use_no_semihosting_swi                 0x08000389   Thumb Code     2  use_no_semi.o(.text)
    BusFault_Handler                         0x0800038b   Thumb Code     2  stm32f1xx_it.o(i.BusFault_Handler)
    __semihosting_library_function           0x0800038b   Thumb Code     0  indicate_semi.o(.text)
    DebugMon_Handler                         0x0800038d   Thumb Code     2  stm32f1xx_it.o(i.DebugMon_Handler)
    Error_Handler                            0x0800038f   Thumb Code     4  main.o(i.Error_Handler)
    HAL_DMA_Abort                            0x08000393   Thumb Code    70  stm32f1xx_hal_dma.o(i.HAL_DMA_Abort)
    HAL_DMA_Abort_IT                         0x080003d9   Thumb Code   148  stm32f1xx_hal_dma.o(i.HAL_DMA_Abort_IT)
    HAL_GPIO_Init                            0x08000471   Thumb Code   446  stm32f1xx_hal_gpio.o(i.HAL_GPIO_Init)
    HAL_GPIO_ReadPin                         0x08000651   Thumb Code    10  stm32f1xx_hal_gpio.o(i.HAL_GPIO_ReadPin)
    HAL_GetTick                              0x0800065d   Thumb Code     6  stm32f1xx_hal.o(i.HAL_GetTick)
    HAL_I2C_Init                             0x08000669   Thumb Code   376  stm32f1xx_hal_i2c.o(i.HAL_I2C_Init)
    HAL_I2C_Mem_Write                        0x080007f1   Thumb Code   294  stm32f1xx_hal_i2c.o(i.HAL_I2C_Mem_Write)
    HAL_I2C_MspInit                          0x08000921   Thumb Code    80  i2c.o(i.HAL_I2C_MspInit)
    HAL_IncTick                              0x0800097d   Thumb Code    12  stm32f1xx_hal.o(i.HAL_IncTick)
    HAL_Init                                 0x0800098d   Thumb Code    32  stm32f1xx_hal.o(i.HAL_Init)
    HAL_InitTick                             0x080009b1   Thumb Code   118  stm32f1xx_hal_timebase_tim.o(i.HAL_InitTick)
    HAL_MspInit                              0x08000a3d   Thumb Code    62  stm32f1xx_hal_msp.o(i.HAL_MspInit)
    HAL_NVIC_EnableIRQ                       0x08000a85   Thumb Code    26  stm32f1xx_hal_cortex.o(i.HAL_NVIC_EnableIRQ)
    HAL_NVIC_SetPriority                     0x08000aa1   Thumb Code    60  stm32f1xx_hal_cortex.o(i.HAL_NVIC_SetPriority)
    HAL_NVIC_SetPriorityGrouping             0x08000ae1   Thumb Code    26  stm32f1xx_hal_cortex.o(i.HAL_NVIC_SetPriorityGrouping)
    HAL_RCC_ClockConfig                      0x08000b05   Thumb Code   280  stm32f1xx_hal_rcc.o(i.HAL_RCC_ClockConfig)
    HAL_RCC_GetClockConfig                   0x08000c31   Thumb Code    54  stm32f1xx_hal_rcc.o(i.HAL_RCC_GetClockConfig)
    HAL_RCC_GetPCLK1Freq                     0x08000c71   Thumb Code    20  stm32f1xx_hal_rcc.o(i.HAL_RCC_GetPCLK1Freq)
    HAL_RCC_GetPCLK2Freq                     0x08000c91   Thumb Code    20  stm32f1xx_hal_rcc.o(i.HAL_RCC_GetPCLK2Freq)
    HAL_RCC_GetSysClockFreq                  0x08000cb1   Thumb Code    58  stm32f1xx_hal_rcc.o(i.HAL_RCC_GetSysClockFreq)
    HAL_RCC_OscConfig                        0x08000cfd   Thumb Code   778  stm32f1xx_hal_rcc.o(i.HAL_RCC_OscConfig)
    HAL_TIMEx_BreakCallback                  0x0800101d   Thumb Code     2  stm32f1xx_hal_tim_ex.o(i.HAL_TIMEx_BreakCallback)
    HAL_TIMEx_CommutCallback                 0x0800101f   Thumb Code     2  stm32f1xx_hal_tim_ex.o(i.HAL_TIMEx_CommutCallback)
    HAL_TIM_Base_Init                        0x08001021   Thumb Code    90  stm32f1xx_hal_tim.o(i.HAL_TIM_Base_Init)
    HAL_TIM_Base_MspInit                     0x0800107b   Thumb Code     2  stm32f1xx_hal_tim.o(i.HAL_TIM_Base_MspInit)
    HAL_TIM_Base_Start_IT                    0x0800107d   Thumb Code    76  stm32f1xx_hal_tim.o(i.HAL_TIM_Base_Start_IT)
    HAL_TIM_IC_CaptureCallback               0x080010d5   Thumb Code     2  stm32f1xx_hal_tim.o(i.HAL_TIM_IC_CaptureCallback)
    HAL_TIM_IRQHandler                       0x080010d7   Thumb Code   304  stm32f1xx_hal_tim.o(i.HAL_TIM_IRQHandler)
    HAL_TIM_OC_DelayElapsedCallback          0x08001207   Thumb Code     2  stm32f1xx_hal_tim.o(i.HAL_TIM_OC_DelayElapsedCallback)
    HAL_TIM_PWM_PulseFinishedCallback        0x08001209   Thumb Code     2  stm32f1xx_hal_tim.o(i.HAL_TIM_PWM_PulseFinishedCallback)
    HAL_TIM_PeriodElapsedCallback            0x0800120d   Thumb Code    14  main.o(i.HAL_TIM_PeriodElapsedCallback)
    HAL_TIM_TriggerCallback                  0x08001221   Thumb Code     2  stm32f1xx_hal_tim.o(i.HAL_TIM_TriggerCallback)
    HAL_UARTEx_RxEventCallback               0x08001223   Thumb Code     2  stm32f1xx_hal_uart.o(i.HAL_UARTEx_RxEventCallback)
    HAL_UART_ErrorCallback                   0x08001225   Thumb Code     2  stm32f1xx_hal_uart.o(i.HAL_UART_ErrorCallback)
    HAL_UART_IRQHandler                      0x08001229   Thumb Code   616  stm32f1xx_hal_uart.o(i.HAL_UART_IRQHandler)
    HAL_UART_Init                            0x08001495   Thumb Code   100  stm32f1xx_hal_uart.o(i.HAL_UART_Init)
    HAL_UART_MspInit                         0x080014f9   Thumb Code   116  usart.o(i.HAL_UART_MspInit)
    HAL_UART_Receive_IT                      0x08001579   Thumb Code    28  stm32f1xx_hal_uart.o(i.HAL_UART_Receive_IT)
    HAL_UART_RxCpltCallback                  0x08001595   Thumb Code   104  uart.o(i.HAL_UART_RxCpltCallback)
    HAL_UART_TxCpltCallback                  0x0800160d   Thumb Code     2  stm32f1xx_hal_uart.o(i.HAL_UART_TxCpltCallback)
    HardFault_Handler                        0x0800160f   Thumb Code     2  stm32f1xx_it.o(i.HardFault_Handler)
    MX_FREERTOS_Init                         0x080018e5   Thumb Code    96  freertos.o(i.MX_FREERTOS_Init)
    MX_GPIO_Init                             0x0800194d   Thumb Code    80  gpio.o(i.MX_GPIO_Init)
    MX_I2C1_Init                             0x080019a5   Thumb Code    50  i2c.o(i.MX_I2C1_Init)
    MX_USART1_UART_Init                      0x080019e5   Thumb Code    48  usart.o(i.MX_USART1_UART_Init)
    MemManage_Handler                        0x08001a1d   Thumb Code     2  stm32f1xx_it.o(i.MemManage_Handler)
    Menu_DisplayUpdate                       0x08001a21   Thumb Code   222  key.o(i.Menu_DisplayUpdate)
    NMI_Handler                              0x08001b21   Thumb Code     2  stm32f1xx_it.o(i.NMI_Handler)
    OLED_Clear                               0x08001b23   Thumb Code    38  oled.o(i.OLED_Clear)
    OLED_Init                                0x08001b49   Thumb Code   168  oled.o(i.OLED_Init)
    OLED_ShowChar                            0x08001c15   Thumb Code    86  oled.o(i.OLED_ShowChar)
    OLED_ShowString                          0x08001c71   Thumb Code    38  oled.o(i.OLED_ShowString)
    StartDefaultTask                         0x08001ce1   Thumb Code     8  freertos.o(i.StartDefaultTask)
    SysTick_Handler                          0x08001ce9   Thumb Code    38  port.o(i.SysTick_Handler)
    SystemClock_Config                       0x08001d15   Thumb Code    94  main.o(i.SystemClock_Config)
    SystemInit                               0x08001d73   Thumb Code     2  system_stm32f1xx.o(i.SystemInit)
    TIM1_UP_IRQHandler                       0x08001d75   Thumb Code     6  stm32f1xx_it.o(i.TIM1_UP_IRQHandler)
    TIM_Base_SetConfig                       0x08001d81   Thumb Code   108  stm32f1xx_hal_tim.o(i.TIM_Base_SetConfig)
    UART_Start_Receive_IT                    0x08001fd1   Thumb Code    54  stm32f1xx_hal_uart.o(i.UART_Start_Receive_IT)
    USART1_IRQHandler                        0x08002009   Thumb Code     6  stm32f1xx_it.o(i.USART1_IRQHandler)
    UsageFault_Handler                       0x08002015   Thumb Code     2  stm32f1xx_it.o(i.UsageFault_Handler)
    key_work                                 0x08002039   Thumb Code   128  key.o(i.key_work)
    main                                     0x080020c1   Thumb Code    30  main.o(i.main)
    oled_work                                0x080020eb   Thumb Code    16  oled.o(i.oled_work)
    osDelay                                  0x080020fb   Thumb Code    14  cmsis_os.o(i.osDelay)
    osKernelStart                            0x08002109   Thumb Code    10  cmsis_os.o(i.osKernelStart)
    osThreadCreate                           0x08002113   Thumb Code    84  cmsis_os.o(i.osThreadCreate)
    pvPortMalloc                             0x08002559   Thumb Code   216  heap_4.o(i.pvPortMalloc)
    pxPortInitialiseStack                    0x08002635   Thumb Code    32  port.o(i.pxPortInitialiseStack)
    uart_work                                0x08002659   Thumb Code    18  uart.o(i.uart_work)
    uxListRemove                             0x08002739   Thumb Code    38  list.o(i.uxListRemove)
    vApplicationGetIdleTaskMemory            0x08002761   Thumb Code    16  freertos.o(i.vApplicationGetIdleTaskMemory)
    vListInitialise                          0x08002775   Thumb Code    22  list.o(i.vListInitialise)
    vListInitialiseItem                      0x0800278b   Thumb Code     6  list.o(i.vListInitialiseItem)
    vListInsert                              0x08002791   Thumb Code    48  list.o(i.vListInsert)
    vListInsertEnd                           0x080027c1   Thumb Code    24  list.o(i.vListInsertEnd)
    vPortEnterCritical                       0x080027d9   Thumb Code    54  port.o(i.vPortEnterCritical)
    vPortExitCritical                        0x08002819   Thumb Code    34  port.o(i.vPortExitCritical)
    vPortFree                                0x08002841   Thumb Code    94  heap_4.o(i.vPortFree)
    vPortSetupTimerInterrupt                 0x080028a5   Thumb Code    32  port.o(i.vPortSetupTimerInterrupt)
    vTaskDelay                               0x080028c9   Thumb Code    66  tasks.o(i.vTaskDelay)
    vTaskStartScheduler                      0x08002915   Thumb Code    90  tasks.o(i.vTaskStartScheduler)
    vTaskSuspendAll                          0x08002981   Thumb Code    10  tasks.o(i.vTaskSuspendAll)
    vTaskSwitchContext                       0x08002991   Thumb Code    82  tasks.o(i.vTaskSwitchContext)
    xPortStartScheduler                      0x080029ed   Thumb Code   154  port.o(i.xPortStartScheduler)
    xTaskCreate                              0x08002a95   Thumb Code    90  tasks.o(i.xTaskCreate)
    xTaskCreateStatic                        0x08002aef   Thumb Code    86  tasks.o(i.xTaskCreateStatic)
    xTaskIncrementTick                       0x08002b45   Thumb Code   194  tasks.o(i.xTaskIncrementTick)
    xTaskResumeAll                           0x08002c11   Thumb Code   182  tasks.o(i.xTaskResumeAll)
    AHBPrescTable                            0x08002d56   Data          16  system_stm32f1xx.o(.constdata)
    APBPrescTable                            0x08002d66   Data           8  system_stm32f1xx.o(.constdata)
    Region$$Table$$Base                      0x08003414   Number         0  anon$$obj.o(Region$$Table)
    Region$$Table$$Limit                     0x08003434   Number         0  anon$$obj.o(Region$$Table)
    defaultTaskHandle                        0x20000000   Data           4  freertos.o(.data)
    oled_taskHandle                          0x20000004   Data           4  freertos.o(.data)
    key_taskHandle                           0x20000008   Data           4  freertos.o(.data)
    uart_taskHandle                          0x2000000c   Data           4  freertos.o(.data)
    uwTickFreq                               0x20000010   Data           1  stm32f1xx_hal.o(.data)
    uwTickPrio                               0x20000014   Data           4  stm32f1xx_hal.o(.data)
    uwTick                                   0x20000018   Data           4  stm32f1xx_hal.o(.data)
    SystemCoreClock                          0x2000001c   Data           4  system_stm32f1xx.o(.data)
    g_menu                                   0x20000022   Data          16  key.o(.data)
    pxCurrentTCB                             0x20000034   Data           4  tasks.o(.data)
    hi2c1                                    0x200002f0   Data          84  i2c.o(.bss)
    huart1                                   0x20000344   Data          72  usart.o(.bss)
    htim1                                    0x2000038c   Data          72  stm32f1xx_hal_timebase_tim.o(.bss)
    __libspace_start                         0x200024d0   Data          96  libspace.o(.bss)
    __temporary_stack_top$libspace           0x20002530   Data           0  libspace.o(.bss)



==============================================================================

Memory Map of the image

  Image Entry point : 0x080000ed

  Load Region LR_IROM1 (Base: 0x08000000, Size: 0x000034d0, Max: 0x00010000, ABSOLUTE)

    Execution Region ER_IROM1 (Exec base: 0x08000000, Load base: 0x08000000, Size: 0x00003434, Max: 0x00010000, ABSOLUTE)

    Exec Addr    Load Addr    Size         Type   Attr      Idx    E Section Name        Object

    0x08000000   0x08000000   0x000000ec   Data   RO            3    RESET               startup_stm32f103xb.o
    0x080000ec   0x080000ec   0x00000008   Code   RO         4814  * !!!main             c_w.l(__main.o)
    0x080000f4   0x080000f4   0x00000034   Code   RO         4975    !!!scatter          c_w.l(__scatter.o)
    0x08000128   0x08000128   0x0000001a   Code   RO         4977    !!handler_copy      c_w.l(__scatter_copy.o)
    0x08000142   0x08000142   0x00000002   PAD
    0x08000144   0x08000144   0x0000001c   Code   RO         4979    !!handler_zi        c_w.l(__scatter_zi.o)
    0x08000160   0x08000160   0x00000002   Code   RO         4843    .ARM.Collect$$libinit$$00000000  c_w.l(libinit.o)
    0x08000162   0x08000162   0x00000000   Code   RO         4850    .ARM.Collect$$libinit$$00000002  c_w.l(libinit2.o)
    0x08000162   0x08000162   0x00000000   Code   RO         4852    .ARM.Collect$$libinit$$00000004  c_w.l(libinit2.o)
    0x08000162   0x08000162   0x00000000   Code   RO         4855    .ARM.Collect$$libinit$$0000000A  c_w.l(libinit2.o)
    0x08000162   0x08000162   0x00000000   Code   RO         4857    .ARM.Collect$$libinit$$0000000C  c_w.l(libinit2.o)
    0x08000162   0x08000162   0x00000000   Code   RO         4859    .ARM.Collect$$libinit$$0000000E  c_w.l(libinit2.o)
    0x08000162   0x08000162   0x00000000   Code   RO         4862    .ARM.Collect$$libinit$$00000011  c_w.l(libinit2.o)
    0x08000162   0x08000162   0x00000000   Code   RO         4864    .ARM.Collect$$libinit$$00000013  c_w.l(libinit2.o)
    0x08000162   0x08000162   0x00000000   Code   RO         4866    .ARM.Collect$$libinit$$00000015  c_w.l(libinit2.o)
    0x08000162   0x08000162   0x00000000   Code   RO         4868    .ARM.Collect$$libinit$$00000017  c_w.l(libinit2.o)
    0x08000162   0x08000162   0x00000000   Code   RO         4870    .ARM.Collect$$libinit$$00000019  c_w.l(libinit2.o)
    0x08000162   0x08000162   0x00000000   Code   RO         4872    .ARM.Collect$$libinit$$0000001B  c_w.l(libinit2.o)
    0x08000162   0x08000162   0x00000000   Code   RO         4874    .ARM.Collect$$libinit$$0000001D  c_w.l(libinit2.o)
    0x08000162   0x08000162   0x00000000   Code   RO         4876    .ARM.Collect$$libinit$$0000001F  c_w.l(libinit2.o)
    0x08000162   0x08000162   0x00000000   Code   RO         4878    .ARM.Collect$$libinit$$00000021  c_w.l(libinit2.o)
    0x08000162   0x08000162   0x00000000   Code   RO         4880    .ARM.Collect$$libinit$$00000023  c_w.l(libinit2.o)
    0x08000162   0x08000162   0x00000000   Code   RO         4882    .ARM.Collect$$libinit$$00000025  c_w.l(libinit2.o)
    0x08000162   0x08000162   0x00000000   Code   RO         4886    .ARM.Collect$$libinit$$0000002C  c_w.l(libinit2.o)
    0x08000162   0x08000162   0x00000000   Code   RO         4888    .ARM.Collect$$libinit$$0000002E  c_w.l(libinit2.o)
    0x08000162   0x08000162   0x00000000   Code   RO         4890    .ARM.Collect$$libinit$$00000030  c_w.l(libinit2.o)
    0x08000162   0x08000162   0x00000000   Code   RO         4892    .ARM.Collect$$libinit$$00000032  c_w.l(libinit2.o)
    0x08000162   0x08000162   0x00000002   Code   RO         4893    .ARM.Collect$$libinit$$00000033  c_w.l(libinit2.o)
    0x08000164   0x08000164   0x00000002   Code   RO         4913    .ARM.Collect$$libshutdown$$00000000  c_w.l(libshutdown.o)
    0x08000166   0x08000166   0x00000000   Code   RO         4926    .ARM.Collect$$libshutdown$$00000002  c_w.l(libshutdown2.o)
    0x08000166   0x08000166   0x00000000   Code   RO         4928    .ARM.Collect$$libshutdown$$00000004  c_w.l(libshutdown2.o)
    0x08000166   0x08000166   0x00000000   Code   RO         4930    .ARM.Collect$$libshutdown$$00000006  c_w.l(libshutdown2.o)
    0x08000166   0x08000166   0x00000000   Code   RO         4933    .ARM.Collect$$libshutdown$$00000009  c_w.l(libshutdown2.o)
    0x08000166   0x08000166   0x00000000   Code   RO         4936    .ARM.Collect$$libshutdown$$0000000C  c_w.l(libshutdown2.o)
    0x08000166   0x08000166   0x00000000   Code   RO         4938    .ARM.Collect$$libshutdown$$0000000E  c_w.l(libshutdown2.o)
    0x08000166   0x08000166   0x00000000   Code   RO         4941    .ARM.Collect$$libshutdown$$00000011  c_w.l(libshutdown2.o)
    0x08000166   0x08000166   0x00000002   Code   RO         4942    .ARM.Collect$$libshutdown$$00000012  c_w.l(libshutdown2.o)
    0x08000168   0x08000168   0x00000000   Code   RO         4816    .ARM.Collect$$rtentry$$00000000  c_w.l(__rtentry.o)
    0x08000168   0x08000168   0x00000000   Code   RO         4820    .ARM.Collect$$rtentry$$00000002  c_w.l(__rtentry2.o)
    0x08000168   0x08000168   0x00000006   Code   RO         4832    .ARM.Collect$$rtentry$$00000004  c_w.l(__rtentry4.o)
    0x0800016e   0x0800016e   0x00000000   Code   RO         4822    .ARM.Collect$$rtentry$$00000009  c_w.l(__rtentry2.o)
    0x0800016e   0x0800016e   0x00000004   Code   RO         4823    .ARM.Collect$$rtentry$$0000000A  c_w.l(__rtentry2.o)
    0x08000172   0x08000172   0x00000000   Code   RO         4825    .ARM.Collect$$rtentry$$0000000C  c_w.l(__rtentry2.o)
    0x08000172   0x08000172   0x00000008   Code   RO         4826    .ARM.Collect$$rtentry$$0000000D  c_w.l(__rtentry2.o)
    0x0800017a   0x0800017a   0x00000002   Code   RO         4847    .ARM.Collect$$rtexit$$00000000  c_w.l(rtexit.o)
    0x0800017c   0x0800017c   0x00000000   Code   RO         4895    .ARM.Collect$$rtexit$$00000002  c_w.l(rtexit2.o)
    0x0800017c   0x0800017c   0x00000004   Code   RO         4896    .ARM.Collect$$rtexit$$00000003  c_w.l(rtexit2.o)
    0x08000180   0x08000180   0x00000006   Code   RO         4897    .ARM.Collect$$rtexit$$00000004  c_w.l(rtexit2.o)
    0x08000186   0x08000186   0x00000002   PAD
    0x08000188   0x08000188   0x00000096   Code   RO         4723    .emb_text           port.o
    0x0800021e   0x0800021e   0x00000002   PAD
    0x08000220   0x08000220   0x00000040   Code   RO            4    .text               startup_stm32f103xb.o
    0x08000260   0x08000260   0x00000064   Code   RO         4806    .text               c_w.l(rt_memcpy_w.o)
    0x080002c4   0x080002c4   0x0000004e   Code   RO         4810    .text               c_w.l(rt_memclr_w.o)
    0x08000312   0x08000312   0x00000006   Code   RO         4812    .text               c_w.l(heapauxi.o)
    0x08000318   0x08000318   0x0000004a   Code   RO         4834    .text               c_w.l(sys_stackheap_outer.o)
    0x08000362   0x08000362   0x00000012   Code   RO         4836    .text               c_w.l(exit.o)
    0x08000374   0x08000374   0x00000008   Code   RO         4844    .text               c_w.l(libspace.o)
    0x0800037c   0x0800037c   0x0000000c   Code   RO         4905    .text               c_w.l(sys_exit.o)
    0x08000388   0x08000388   0x00000002   Code   RO         4916    .text               c_w.l(use_no_semi.o)
    0x0800038a   0x0800038a   0x00000000   Code   RO         4918    .text               c_w.l(indicate_semi.o)
    0x0800038a   0x0800038a   0x00000002   Code   RO          375    i.BusFault_Handler  stm32f1xx_it.o
    0x0800038c   0x0800038c   0x00000002   Code   RO          376    i.DebugMon_Handler  stm32f1xx_it.o
    0x0800038e   0x0800038e   0x00000004   Code   RO           13    i.Error_Handler     main.o
    0x08000392   0x08000392   0x00000046   Code   RO         1898    i.HAL_DMA_Abort     stm32f1xx_hal_dma.o
    0x080003d8   0x080003d8   0x00000098   Code   RO         1899    i.HAL_DMA_Abort_IT  stm32f1xx_hal_dma.o
    0x08000470   0x08000470   0x000001e0   Code   RO         1834    i.HAL_GPIO_Init     stm32f1xx_hal_gpio.o
    0x08000650   0x08000650   0x0000000a   Code   RO         1836    i.HAL_GPIO_ReadPin  stm32f1xx_hal_gpio.o
    0x0800065a   0x0800065a   0x00000002   PAD
    0x0800065c   0x0800065c   0x0000000c   Code   RO         1528    i.HAL_GetTick       stm32f1xx_hal.o
    0x08000668   0x08000668   0x00000188   Code   RO         2505    i.HAL_I2C_Init      stm32f1xx_hal_i2c.o
    0x080007f0   0x080007f0   0x00000130   Code   RO         2526    i.HAL_I2C_Mem_Write  stm32f1xx_hal_i2c.o
    0x08000920   0x08000920   0x0000005c   Code   RO          292    i.HAL_I2C_MspInit   i2c.o
    0x0800097c   0x0800097c   0x00000010   Code   RO         1534    i.HAL_IncTick       stm32f1xx_hal.o
    0x0800098c   0x0800098c   0x00000024   Code   RO         1535    i.HAL_Init          stm32f1xx_hal.o
    0x080009b0   0x080009b0   0x0000008c   Code   RO          469    i.HAL_InitTick      stm32f1xx_hal_timebase_tim.o
    0x08000a3c   0x08000a3c   0x00000048   Code   RO          445    i.HAL_MspInit       stm32f1xx_hal_msp.o
    0x08000a84   0x08000a84   0x0000001a   Code   RO         1994    i.HAL_NVIC_EnableIRQ  stm32f1xx_hal_cortex.o
    0x08000a9e   0x08000a9e   0x00000002   PAD
    0x08000aa0   0x08000aa0   0x00000040   Code   RO         2000    i.HAL_NVIC_SetPriority  stm32f1xx_hal_cortex.o
    0x08000ae0   0x08000ae0   0x00000024   Code   RO         2001    i.HAL_NVIC_SetPriorityGrouping  stm32f1xx_hal_cortex.o
    0x08000b04   0x08000b04   0x0000012c   Code   RO         1692    i.HAL_RCC_ClockConfig  stm32f1xx_hal_rcc.o
    0x08000c30   0x08000c30   0x00000040   Code   RO         1696    i.HAL_RCC_GetClockConfig  stm32f1xx_hal_rcc.o
    0x08000c70   0x08000c70   0x00000020   Code   RO         1699    i.HAL_RCC_GetPCLK1Freq  stm32f1xx_hal_rcc.o
    0x08000c90   0x08000c90   0x00000020   Code   RO         1700    i.HAL_RCC_GetPCLK2Freq  stm32f1xx_hal_rcc.o
    0x08000cb0   0x08000cb0   0x0000004c   Code   RO         1701    i.HAL_RCC_GetSysClockFreq  stm32f1xx_hal_rcc.o
    0x08000cfc   0x08000cfc   0x00000320   Code   RO         1704    i.HAL_RCC_OscConfig  stm32f1xx_hal_rcc.o
    0x0800101c   0x0800101c   0x00000002   Code   RO         1250    i.HAL_TIMEx_BreakCallback  stm32f1xx_hal_tim_ex.o
    0x0800101e   0x0800101e   0x00000002   Code   RO         1251    i.HAL_TIMEx_CommutCallback  stm32f1xx_hal_tim_ex.o
    0x08001020   0x08001020   0x0000005a   Code   RO          546    i.HAL_TIM_Base_Init  stm32f1xx_hal_tim.o
    0x0800107a   0x0800107a   0x00000002   Code   RO          548    i.HAL_TIM_Base_MspInit  stm32f1xx_hal_tim.o
    0x0800107c   0x0800107c   0x00000058   Code   RO          551    i.HAL_TIM_Base_Start_IT  stm32f1xx_hal_tim.o
    0x080010d4   0x080010d4   0x00000002   Code   RO          580    i.HAL_TIM_IC_CaptureCallback  stm32f1xx_hal_tim.o
    0x080010d6   0x080010d6   0x00000130   Code   RO          594    i.HAL_TIM_IRQHandler  stm32f1xx_hal_tim.o
    0x08001206   0x08001206   0x00000002   Code   RO          597    i.HAL_TIM_OC_DelayElapsedCallback  stm32f1xx_hal_tim.o
    0x08001208   0x08001208   0x00000002   Code   RO          624    i.HAL_TIM_PWM_PulseFinishedCallback  stm32f1xx_hal_tim.o
    0x0800120a   0x0800120a   0x00000002   PAD
    0x0800120c   0x0800120c   0x00000014   Code   RO           14    i.HAL_TIM_PeriodElapsedCallback  main.o
    0x08001220   0x08001220   0x00000002   Code   RO          637    i.HAL_TIM_TriggerCallback  stm32f1xx_hal_tim.o
    0x08001222   0x08001222   0x00000002   Code   RO         2943    i.HAL_UARTEx_RxEventCallback  stm32f1xx_hal_uart.o
    0x08001224   0x08001224   0x00000002   Code   RO         2957    i.HAL_UART_ErrorCallback  stm32f1xx_hal_uart.o
    0x08001226   0x08001226   0x00000002   PAD
    0x08001228   0x08001228   0x0000026c   Code   RO         2960    i.HAL_UART_IRQHandler  stm32f1xx_hal_uart.o
    0x08001494   0x08001494   0x00000064   Code   RO         2961    i.HAL_UART_Init     stm32f1xx_hal_uart.o
    0x080014f8   0x080014f8   0x00000080   Code   RO          334    i.HAL_UART_MspInit  usart.o
    0x08001578   0x08001578   0x0000001c   Code   RO         2966    i.HAL_UART_Receive_IT  stm32f1xx_hal_uart.o
    0x08001594   0x08001594   0x00000078   Code   RO         3457    i.HAL_UART_RxCpltCallback  uart.o
    0x0800160c   0x0800160c   0x00000002   Code   RO         2972    i.HAL_UART_TxCpltCallback  stm32f1xx_hal_uart.o
    0x0800160e   0x0800160e   0x00000002   Code   RO          377    i.HardFault_Handler  stm32f1xx_it.o
    0x08001610   0x08001610   0x0000002e   Code   RO         2548    i.I2C_IsAcknowledgeFailed  stm32f1xx_hal_i2c.o
    0x0800163e   0x0800163e   0x00000002   PAD
    0x08001640   0x08001640   0x000000a8   Code   RO         2559    i.I2C_RequestMemoryWrite  stm32f1xx_hal_i2c.o
    0x080016e8   0x080016e8   0x00000056   Code   RO         2563    i.I2C_WaitOnBTFFlagUntilTimeout  stm32f1xx_hal_i2c.o
    0x0800173e   0x0800173e   0x00000002   PAD
    0x08001740   0x08001740   0x00000090   Code   RO         2564    i.I2C_WaitOnFlagUntilTimeout  stm32f1xx_hal_i2c.o
    0x080017d0   0x080017d0   0x000000bc   Code   RO         2565    i.I2C_WaitOnMasterAddressFlagUntilTimeout  stm32f1xx_hal_i2c.o
    0x0800188c   0x0800188c   0x00000056   Code   RO         2567    i.I2C_WaitOnTXEFlagUntilTimeout  stm32f1xx_hal_i2c.o
    0x080018e2   0x080018e2   0x00000002   PAD
    0x080018e4   0x080018e4   0x00000068   Code   RO          223    i.MX_FREERTOS_Init  freertos.o
    0x0800194c   0x0800194c   0x00000058   Code   RO          199    i.MX_GPIO_Init      gpio.o
    0x080019a4   0x080019a4   0x00000040   Code   RO          293    i.MX_I2C1_Init      i2c.o
    0x080019e4   0x080019e4   0x00000038   Code   RO          335    i.MX_USART1_UART_Init  usart.o
    0x08001a1c   0x08001a1c   0x00000002   Code   RO          378    i.MemManage_Handler  stm32f1xx_it.o
    0x08001a1e   0x08001a1e   0x00000002   PAD
    0x08001a20   0x08001a20   0x00000100   Code   RO         3409    i.Menu_DisplayUpdate  key.o
    0x08001b20   0x08001b20   0x00000002   Code   RO          379    i.NMI_Handler       stm32f1xx_it.o
    0x08001b22   0x08001b22   0x00000026   Code   RO         3332    i.OLED_Clear        oled.o
    0x08001b48   0x08001b48   0x000000a8   Code   RO         3333    i.OLED_Init         oled.o
    0x08001bf0   0x08001bf0   0x00000022   Code   RO         3334    i.OLED_SetCursor    oled.o
    0x08001c12   0x08001c12   0x00000002   PAD
    0x08001c14   0x08001c14   0x0000005c   Code   RO         3335    i.OLED_ShowChar     oled.o
    0x08001c70   0x08001c70   0x00000026   Code   RO         3337    i.OLED_ShowString   oled.o
    0x08001c96   0x08001c96   0x00000002   PAD
    0x08001c98   0x08001c98   0x00000024   Code   RO         3338    i.OLED_WriteCommand  oled.o
    0x08001cbc   0x08001cbc   0x00000024   Code   RO         3339    i.OLED_WriteData    oled.o
    0x08001ce0   0x08001ce0   0x00000008   Code   RO          224    i.StartDefaultTask  freertos.o
    0x08001ce8   0x08001ce8   0x0000002c   Code   RO         4724    i.SysTick_Handler   port.o
    0x08001d14   0x08001d14   0x0000005e   Code   RO           15    i.SystemClock_Config  main.o
    0x08001d72   0x08001d72   0x00000002   Code   RO         3295    i.SystemInit        system_stm32f1xx.o
    0x08001d74   0x08001d74   0x0000000c   Code   RO          380    i.TIM1_UP_IRQHandler  stm32f1xx_it.o
    0x08001d80   0x08001d80   0x00000078   Code   RO          639    i.TIM_Base_SetConfig  stm32f1xx_hal_tim.o
    0x08001df8   0x08001df8   0x00000010   Code   RO         2974    i.UART_DMAAbortOnError  stm32f1xx_hal_uart.o
    0x08001e08   0x08001e08   0x0000004e   Code   RO         2984    i.UART_EndRxTransfer  stm32f1xx_hal_uart.o
    0x08001e56   0x08001e56   0x000000c2   Code   RO         2986    i.UART_Receive_IT   stm32f1xx_hal_uart.o
    0x08001f18   0x08001f18   0x000000b8   Code   RO         2987    i.UART_SetConfig    stm32f1xx_hal_uart.o
    0x08001fd0   0x08001fd0   0x00000036   Code   RO         2989    i.UART_Start_Receive_IT  stm32f1xx_hal_uart.o
    0x08002006   0x08002006   0x00000002   PAD
    0x08002008   0x08002008   0x0000000c   Code   RO          381    i.USART1_IRQHandler  stm32f1xx_it.o
    0x08002014   0x08002014   0x00000002   Code   RO          382    i.UsageFault_Handler  stm32f1xx_it.o
    0x08002016   0x08002016   0x00000020   Code   RO         2007    i.__NVIC_SetPriority  stm32f1xx_hal_cortex.o
    0x08002036   0x08002036   0x00000002   PAD
    0x08002038   0x08002038   0x00000088   Code   RO         3410    i.key_work          key.o
    0x080020c0   0x080020c0   0x0000001e   Code   RO           16    i.main              main.o
    0x080020de   0x080020de   0x0000000c   Code   RO         4289    i.makeFreeRtosPriority  cmsis_os.o
    0x080020ea   0x080020ea   0x00000010   Code   RO         3340    i.oled_work         oled.o
    0x080020fa   0x080020fa   0x0000000e   Code   RO         4291    i.osDelay           cmsis_os.o
    0x08002108   0x08002108   0x0000000a   Code   RO         4294    i.osKernelStart     cmsis_os.o
    0x08002112   0x08002112   0x00000054   Code   RO         4328    i.osThreadCreate    cmsis_os.o
    0x08002166   0x08002166   0x00000002   PAD
    0x08002168   0x08002168   0x000000a4   Code   RO         3411    i.param_to_str      key.o
    0x0800220c   0x0800220c   0x00000070   Code   RO         3971    i.prvAddCurrentTaskToDelayedList  tasks.o
    0x0800227c   0x0800227c   0x000000d0   Code   RO         3972    i.prvAddNewTaskToReadyList  tasks.o
    0x0800234c   0x0800234c   0x00000034   Code   RO         3973    i.prvDeleteTCB      tasks.o
    0x08002380   0x08002380   0x0000004c   Code   RO         4656    i.prvHeapInit       heap_4.o
    0x080023cc   0x080023cc   0x00000060   Code   RO         3974    i.prvIdleTask       tasks.o
    0x0800242c   0x0800242c   0x00000098   Code   RO         3975    i.prvInitialiseNewTask  tasks.o
    0x080024c4   0x080024c4   0x0000004c   Code   RO         4657    i.prvInsertBlockIntoFreeList  heap_4.o
    0x08002510   0x08002510   0x00000020   Code   RO         3976    i.prvResetNextTaskUnblockTime  tasks.o
    0x08002530   0x08002530   0x00000028   Code   RO         4725    i.prvTaskExitError  port.o
    0x08002558   0x08002558   0x000000dc   Code   RO         4658    i.pvPortMalloc      heap_4.o
    0x08002634   0x08002634   0x00000024   Code   RO         4726    i.pxPortInitialiseStack  port.o
    0x08002658   0x08002658   0x0000001c   Code   RO         3458    i.uart_work         uart.o
    0x08002674   0x08002674   0x00000048   Code   RO         3412    i.uint32_to_str     key.o
    0x080026bc   0x080026bc   0x0000007c   Code   RO         3459    i.update_params_from_frame  uart.o
    0x08002738   0x08002738   0x00000026   Code   RO         3607    i.uxListRemove      list.o
    0x0800275e   0x0800275e   0x00000002   PAD
    0x08002760   0x08002760   0x00000014   Code   RO          228    i.vApplicationGetIdleTaskMemory  freertos.o
    0x08002774   0x08002774   0x00000016   Code   RO         3608    i.vListInitialise   list.o
    0x0800278a   0x0800278a   0x00000006   Code   RO         3609    i.vListInitialiseItem  list.o
    0x08002790   0x08002790   0x00000030   Code   RO         3610    i.vListInsert       list.o
    0x080027c0   0x080027c0   0x00000018   Code   RO         3611    i.vListInsertEnd    list.o
    0x080027d8   0x080027d8   0x00000040   Code   RO         4728    i.vPortEnterCritical  port.o
    0x08002818   0x08002818   0x00000028   Code   RO         4729    i.vPortExitCritical  port.o
    0x08002840   0x08002840   0x00000064   Code   RO         4659    i.vPortFree         heap_4.o
    0x080028a4   0x080028a4   0x00000024   Code   RO         4730    i.vPortSetupTimerInterrupt  port.o
    0x080028c8   0x080028c8   0x0000004c   Code   RO         3985    i.vTaskDelay        tasks.o
    0x08002914   0x08002914   0x0000006c   Code   RO         3998    i.vTaskStartScheduler  tasks.o
    0x08002980   0x08002980   0x00000010   Code   RO         4000    i.vTaskSuspendAll   tasks.o
    0x08002990   0x08002990   0x0000005c   Code   RO         4001    i.vTaskSwitchContext  tasks.o
    0x080029ec   0x080029ec   0x000000a8   Code   RO         4732    i.xPortStartScheduler  port.o
    0x08002a94   0x08002a94   0x0000005a   Code   RO         4004    i.xTaskCreate       tasks.o
    0x08002aee   0x08002aee   0x00000056   Code   RO         4005    i.xTaskCreateStatic  tasks.o
    0x08002b44   0x08002b44   0x000000cc   Code   RO         4012    i.xTaskIncrementTick  tasks.o
    0x08002c10   0x08002c10   0x000000c4   Code   RO         4018    i.xTaskResumeAll    tasks.o
    0x08002cd4   0x08002cd4   0x00000070   Data   RO          230    .constdata          freertos.o
    0x08002d44   0x08002d44   0x00000012   Data   RO         1705    .constdata          stm32f1xx_hal_rcc.o
    0x08002d56   0x08002d56   0x00000010   Data   RO         3296    .constdata          system_stm32f1xx.o
    0x08002d66   0x08002d66   0x00000008   Data   RO         3297    .constdata          system_stm32f1xx.o
    0x08002d6e   0x08002d6e   0x000005f0   Data   RO         3341    .constdata          oled.o
    0x0800335e   0x0800335e   0x00000002   PAD
    0x08003360   0x08003360   0x0000003f   Data   RO         3413    .constdata          key.o
    0x0800339f   0x0800339f   0x00000007   Data   RO         3461    .constdata          uart.o
    0x080033a6   0x080033a6   0x00000002   PAD
    0x080033a8   0x080033a8   0x0000002d   Data   RO          231    .conststring        freertos.o
    0x080033d5   0x080033d5   0x00000003   PAD
    0x080033d8   0x080033d8   0x0000003a   Data   RO         3414    .conststring        key.o
    0x08003412   0x08003412   0x00000002   PAD
    0x08003414   0x08003414   0x00000020   Data   RO         4973    Region$$Table       anon$$obj.o


    Execution Region RW_IRAM1 (Exec base: 0x20000000, Load base: 0x08003434, Size: 0x00002b30, Max: 0x00005000, ABSOLUTE)

    Exec Addr    Load Addr    Size         Type   Attr      Idx    E Section Name        Object

    0x20000000   0x08003434   0x00000010   Data   RW          232    .data               freertos.o
    0x20000010   0x08003444   0x0000000c   Data   RW         1542    .data               stm32f1xx_hal.o
    0x2000001c   0x08003450   0x00000004   Data   RW         3298    .data               system_stm32f1xx.o
    0x20000020   0x08003454   0x00000012   Data   RW         3415    .data               key.o
    0x20000032   0x08003466   0x00000002   Data   RW         3462    .data               uart.o
    0x20000034   0x08003468   0x0000003c   Data   RW         4021    .data               tasks.o
    0x20000070   0x080034a4   0x00000020   Data   RW         4665    .data               heap_4.o
    0x20000090   0x080034c4   0x0000000c   Data   RW         4733    .data               port.o
    0x2000009c        -       0x00000254   Zero   RW          229    .bss                freertos.o
    0x200002f0        -       0x00000054   Zero   RW          294    .bss                i2c.o
    0x20000344        -       0x00000048   Zero   RW          336    .bss                usart.o
    0x2000038c        -       0x00000048   Zero   RW          472    .bss                stm32f1xx_hal_timebase_tim.o
    0x200003d4        -       0x0000000a   Zero   RW         3460    .bss                uart.o
    0x200003de   0x080034d0   0x00000002   PAD
    0x200003e0        -       0x000000f0   Zero   RW         4020    .bss                tasks.o
    0x200004d0        -       0x00002000   Zero   RW         4664    .bss                heap_4.o
    0x200024d0        -       0x00000060   Zero   RW         4845    .bss                c_w.l(libspace.o)
    0x20002530        -       0x00000200   Zero   RW            2    HEAP                startup_stm32f103xb.o
    0x20002730        -       0x00000400   Zero   RW            1    STACK               startup_stm32f103xb.o


==============================================================================

Image component sizes


      Code (inc. data)   RO Data    RW Data    ZI Data      Debug   Object Name

       120          0          0          0          0      23237   cmsis_os.o
         0          0          0          0          0      16964   event_groups.o
       132         12        157         16        596       2657   freertos.o
        88          8          0          0          0        887   gpio.o
       472         24          0         32       8192       7327   heap_4.o
       156         26          0          0         84       1625   i2c.o
       628         58        121         18          0       4389   key.o
       138          0          0          0          0       3398   list.o
       148          6          0          0          0     468296   main.o
       458         18       1520          0          0       5419   oled.o
       578         60          0         12          0      10228   port.o
        64         26        236          0       1536        800   startup_stm32f103xb.o
        64         14          0         12          0       4630   stm32f1xx_hal.o
       158         14          0          0          0      28186   stm32f1xx_hal_cortex.o
       222          4          0          0          0       1767   stm32f1xx_hal_dma.o
       490         34          0          0          0       2887   stm32f1xx_hal_gpio.o
      1414         32          0          0          0       9367   stm32f1xx_hal_i2c.o
        72         10          0          0          0        866   stm32f1xx_hal_msp.o
      1304         94         18          0          0       5737   stm32f1xx_hal_rcc.o
       612         24          0          0          0       7164   stm32f1xx_hal_tim.o
         4          0          0          0          0       1581   stm32f1xx_hal_tim_ex.o
       140         22          0          0         72       1423   stm32f1xx_hal_timebase_tim.o
      1280         10          0          0          0       8820   stm32f1xx_hal_uart.o
        36         12          0          0          0       3454   stm32f1xx_it.o
         0          0          0          0          0        408   stream_buffer.o
         2          0         24          4          0       1115   system_stm32f1xx.o
      1520        112          0         60        240      19050   tasks.o
       272         34          7          2         10       3050   uart.o
       184         20          0          0         72       1686   usart.o

    ----------------------------------------------------------------------
     10786        674       2124        156      10804     646418   Object Totals
         0          0         32          0          0          0   (incl. Generated)
        30          0          9          0          2          0   (incl. Padding)

    ----------------------------------------------------------------------

      Code (inc. data)   RO Data    RW Data    ZI Data      Debug   Library Member Name

         8          0          0          0          0         68   __main.o
         0          0          0          0          0          0   __rtentry.o
        12          0          0          0          0          0   __rtentry2.o
         6          0          0          0          0          0   __rtentry4.o
        52          8          0          0          0          0   __scatter.o
        26          0          0          0          0          0   __scatter_copy.o
        28          0          0          0          0          0   __scatter_zi.o
        18          0          0          0          0         80   exit.o
         6          0          0          0          0        152   heapauxi.o
         0          0          0          0          0          0   indicate_semi.o
         2          0          0          0          0          0   libinit.o
         2          0          0          0          0          0   libinit2.o
         2          0          0          0          0          0   libshutdown.o
         2          0          0          0          0          0   libshutdown2.o
         8          4          0          0         96         68   libspace.o
        78          0          0          0          0         80   rt_memclr_w.o
       100          0          0          0          0         80   rt_memcpy_w.o
         2          0          0          0          0          0   rtexit.o
        10          0          0          0          0          0   rtexit2.o
        12          4          0          0          0         68   sys_exit.o
        74          0          0          0          0         80   sys_stackheap_outer.o
         2          0          0          0          0         68   use_no_semi.o

    ----------------------------------------------------------------------
       454         16          0          0         96        744   Library Totals
         4          0          0          0          0          0   (incl. Padding)

    ----------------------------------------------------------------------

      Code (inc. data)   RO Data    RW Data    ZI Data      Debug   Library Name

       450         16          0          0         96        744   c_w.l

    ----------------------------------------------------------------------
       454         16          0          0         96        744   Library Totals

    ----------------------------------------------------------------------

==============================================================================


      Code (inc. data)   RO Data    RW Data    ZI Data      Debug   

     11240        690       2124        156      10900     640866   Grand Totals
     11240        690       2124        156      10900     640866   ELF Image Totals
     11240        690       2124        156          0          0   ROM Totals

==============================================================================

    Total RO  Size (Code + RO Data)                13364 (  13.05kB)
    Total RW  Size (RW Data + ZI Data)             11056 (  10.80kB)
    Total ROM Size (Code + RO Data + RW Data)      13520 (  13.20kB)

==============================================================================

