<html>
<body>
<pre>
<h1>礦ision Build Log</h1>
<h2>Tool Versions:</h2>
IDE-Version: μVision V5.43.1.0
Copyright (C) 2025 ARM Ltd and ARM Germany GmbH. All rights reserved.
License Information: 123 冯浩文, 1234, LIC=VGXG8-3NH25-30JNC-7CKLP-0XQRS-RBUYM
 
Tool Versions:
Toolchain:       MDK-ARM Plus  Version: 5.43.0.0
Toolchain Path:  D:\Keil5_MDK\ARM\Version5.06\Bin
C Compiler:      Armcc.exe V5.06 update 7 (build 960)
Assembler:       Armasm.exe V5.06 update 7 (build 960)
Linker/Locator:  ArmLink.exe V5.06 update 7 (build 960)
Library Manager: ArmAr.exe V5.06 update 7 (build 960)
Hex Converter:   FromElf.exe V5.06 update 7 (build 960)
CPU DLL:         SARMCM3.DLL V5.43.0.0
Dialog DLL:      DCM.DLL V1.17.5.0
Target DLL:      STLink\ST-LINKIII-KEIL_SWO.dll V3.3.1.0
Dialog DLL:      TCM.DLL V1.56.6.0
 
<h2>Project:</h2>
D:\高频电赛\2024年电赛C题\FPGAPrj _receive\MDK-ARM\STM32_test.uvprojx
Project File Date:  07/20/2026

<h2>Output:</h2>
*** Using Compiler 'V5.06 update 7 (build 960)', folder: 'D:\Keil5_MDK\ARM\Version5.06\Bin'
Build target 'STM32_test'
compiling usart.c...
compiling KEY.c...
..\ModuleLayer\KEY.h(35): warning:  #1-D: last line of file ends without a newline
  #endif
..\ModuleLayer\KEY.c(194): warning:  #1-D: last line of file ends without a newline
  }
..\ModuleLayer\KEY.c: 2 warnings, 0 errors
linking...
Program Size: Code=11240 RO-data=2124 RW-data=156 ZI-data=10900  
FromELF: creating hex file...
"STM32_test\STM32_test.axf" - 0 Error(s), 2 Warning(s).

<h2>Software Packages used:</h2>

Package Vendor: ARM
                http://www.keil.com/pack/ARM.CMSIS.5.6.0.pack
                ARM::CMSIS@5.6.0
                CMSIS (Cortex Microcontroller Software Interface Standard)
   * Component: CORE Version: 5.3.0

Package Vendor: Keil
                https://www.keil.com/pack/Keil.STM32F1xx_DFP.2.4.1.pack
                Keil::STM32F1xx_DFP@2.4.1
                STMicroelectronics STM32F1 Series Device Support, Drivers and Examples

<h2>Collection of Component include folders:</h2>
  ./RTE/_STM32_test
  D:/Keil5_MDK/ARM/CMSIS/5.6.0/CMSIS/Core/Include
  D:/Keil5_MDK/Keil/STM32F1xx_DFP/2.4.1/Device/Include

<h2>Collection of Component Files used:</h2>

   * Component: ARM::CMSIS:CORE@5.3.0
Build Time Elapsed:  00:00:02
</pre>
</body>
</html>
