Copyright 1986-2018 Xilinx, Inc. All Rights Reserved.
-----------------------------------------------------------------------------------------------------------------------------------------------------------------------------------------------------------------
| Tool Version : Vivado v.2018.3 (win64) Build 2405991 Thu Dec  6 23:38:27 MST 2018
| Date         : Thu Sep 24 16:25:20 2026
| Host         : LAPTOP-MK9F4NL5 running 64-bit major release  (build 9200)
| Command      : report_methodology -file multi_protocol_bd_wrapper_methodology_drc_routed.rpt -pb multi_protocol_bd_wrapper_methodology_drc_routed.pb -rpx multi_protocol_bd_wrapper_methodology_drc_routed.rpx
| Design       : multi_protocol_bd_wrapper
| Device       : xc7z020clg484-2
| Speed File   : -2
| Design State : Fully Routed
-----------------------------------------------------------------------------------------------------------------------------------------------------------------------------------------------------------------

Report Methodology

Table of Contents
-----------------
1. REPORT SUMMARY
2. REPORT DETAILS

1. REPORT SUMMARY
-----------------
            Netlist: netlist
          Floorplan: design_1
      Design limits: <entire design considered>
             Max violations: <unlimited>
             Violations found: 19
+-----------+----------+-------------------------------+------------+
| Rule      | Severity | Description                   | Violations |
+-----------+----------+-------------------------------+------------+
| TIMING-18 | Warning  | Missing input or output delay | 19         |
+-----------+----------+-------------------------------+------------+

2. REPORT DETAILS
-----------------
TIMING-18#1 Warning
Missing input or output delay  
An output delay is missing on LCD_DATA[0] relative to clock(s) clk_fpga_1
Related violations: <none>

TIMING-18#2 Warning
Missing input or output delay  
An output delay is missing on LCD_DATA[10] relative to clock(s) clk_fpga_1
Related violations: <none>

TIMING-18#3 Warning
Missing input or output delay  
An output delay is missing on LCD_DATA[11] relative to clock(s) clk_fpga_1
Related violations: <none>

TIMING-18#4 Warning
Missing input or output delay  
An output delay is missing on LCD_DATA[12] relative to clock(s) clk_fpga_1
Related violations: <none>

TIMING-18#5 Warning
Missing input or output delay  
An output delay is missing on LCD_DATA[13] relative to clock(s) clk_fpga_1
Related violations: <none>

TIMING-18#6 Warning
Missing input or output delay  
An output delay is missing on LCD_DATA[14] relative to clock(s) clk_fpga_1
Related violations: <none>

TIMING-18#7 Warning
Missing input or output delay  
An output delay is missing on LCD_DATA[15] relative to clock(s) clk_fpga_1
Related violations: <none>

TIMING-18#8 Warning
Missing input or output delay  
An output delay is missing on LCD_DATA[1] relative to clock(s) clk_fpga_1
Related violations: <none>

TIMING-18#9 Warning
Missing input or output delay  
An output delay is missing on LCD_DATA[2] relative to clock(s) clk_fpga_1
Related violations: <none>

TIMING-18#10 Warning
Missing input or output delay  
An output delay is missing on LCD_DATA[3] relative to clock(s) clk_fpga_1
Related violations: <none>

TIMING-18#11 Warning
Missing input or output delay  
An output delay is missing on LCD_DATA[4] relative to clock(s) clk_fpga_1
Related violations: <none>

TIMING-18#12 Warning
Missing input or output delay  
An output delay is missing on LCD_DATA[5] relative to clock(s) clk_fpga_1
Related violations: <none>

TIMING-18#13 Warning
Missing input or output delay  
An output delay is missing on LCD_DATA[6] relative to clock(s) clk_fpga_1
Related violations: <none>

TIMING-18#14 Warning
Missing input or output delay  
An output delay is missing on LCD_DATA[7] relative to clock(s) clk_fpga_1
Related violations: <none>

TIMING-18#15 Warning
Missing input or output delay  
An output delay is missing on LCD_DATA[8] relative to clock(s) clk_fpga_1
Related violations: <none>

TIMING-18#16 Warning
Missing input or output delay  
An output delay is missing on LCD_DATA[9] relative to clock(s) clk_fpga_1
Related violations: <none>

TIMING-18#17 Warning
Missing input or output delay  
An output delay is missing on LCD_DE relative to clock(s) clk_fpga_1
Related violations: <none>

TIMING-18#18 Warning
Missing input or output delay  
An output delay is missing on LCD_HS relative to clock(s) clk_fpga_1
Related violations: <none>

TIMING-18#19 Warning
Missing input or output delay  
An output delay is missing on LCD_VS relative to clock(s) clk_fpga_1
Related violations: <none>


